[2023-04-27T22:15:56.354+0200][0.006s] Heap region size: 1M
[2023-04-27T22:15:56.370+0200][0.021s] Using G1
[2023-04-27T22:15:56.370+0200][0.021s] Heap address: 0x00000000e0000000, size: 512 MB, Compressed Oops mode: 32-bit
[2023-04-27T22:15:56.370+0200][0.022s] Mark closed archive regions in map: [0x00000000fff00000, 0x00000000fff6aff8]
[2023-04-27T22:15:56.370+0200][0.022s] Mark open archive regions in map: [0x00000000ffe00000, 0x00000000ffe47ff8]
[2023-04-27T22:15:56.796+0200][0,448s] GC(0) Pause Young (Normal) (G1 Evacuation Pause)
[2023-04-27T22:15:56.796+0200][0,448s] GC(0) Using 8 workers of 8 for evacuation
[2023-04-27T22:15:56.805+0200][0,456s] GC(0)   Pre Evacuate Collection Set: 0,0ms
[2023-04-27T22:15:56.805+0200][0,456s] GC(0)   Evacuate Collection Set: 4,3ms
[2023-04-27T22:15:56.805+0200][0,456s] GC(0)   Post Evacuate Collection Set: 4,0ms
[2023-04-27T22:15:56.805+0200][0,456s] GC(0)   Other: 0,3ms
[2023-04-27T22:15:56.805+0200][0,456s] GC(0) Eden regions: 30->0(303)
[2023-04-27T22:15:56.805+0200][0,456s] GC(0) Survivor regions: 0->4(4)
[2023-04-27T22:15:56.805+0200][0,456s] GC(0) Old regions: 2->2
[2023-04-27T22:15:56.805+0200][0,456s] GC(0) Humongous regions: 0->0
[2023-04-27T22:15:56.805+0200][0,456s] GC(0) Metaspace: 9434K(9984K)->9434K(9984K) NonClass: 8335K(8704K)->8335K(8704K) Class: 1099K(1280K)->1099K(1280K)
[2023-04-27T22:15:56.805+0200][0,456s] GC(0) Pause Young (Normal) (G1 Evacuation Pause) 30M->4M(512M) 8,719ms
[2023-04-27T22:15:56.805+0200][0,456s] GC(0) User=0,06s Sys=0,00s Real=0,01s
[2023-04-27T22:15:57.532+0200][1,184s] GC(1) Pause Young (Concurrent Start) (Metadata GC Threshold)
[2023-04-27T22:15:57.532+0200][1,184s] GC(1) Using 8 workers of 8 for evacuation
[2023-04-27T22:15:57.545+0200][1,197s] GC(1)   Pre Evacuate Collection Set: 0,0ms
[2023-04-27T22:15:57.545+0200][1,197s] GC(1)   Evacuate Collection Set: 11,5ms
[2023-04-27T22:15:57.545+0200][1,197s] GC(1)   Post Evacuate Collection Set: 1,1ms
[2023-04-27T22:15:57.545+0200][1,197s] GC(1)   Other: 0,2ms
[2023-04-27T22:15:57.545+0200][1,197s] GC(1) Eden regions: 95->0(92)
[2023-04-27T22:15:57.545+0200][1,197s] GC(1) Survivor regions: 4->19(39)
[2023-04-27T22:15:57.545+0200][1,197s] GC(1) Old regions: 2->2
[2023-04-27T22:15:57.545+0200][1,197s] GC(1) Humongous regions: 4->4
[2023-04-27T22:15:57.545+0200][1,197s] GC(1) Metaspace: 20319K(21248K)->20319K(21248K) NonClass: 17995K(18688K)->17995K(18688K) Class: 2323K(2560K)->2323K(2560K)
[2023-04-27T22:15:57.545+0200][1,197s] GC(1) Pause Young (Concurrent Start) (Metadata GC Threshold) 102M->23M(512M) 12,984ms
[2023-04-27T22:15:57.545+0200][1,197s] GC(1) User=0,06s Sys=0,01s Real=0,01s
[2023-04-27T22:15:57.545+0200][1,197s] GC(2) Concurrent Cycle
[2023-04-27T22:15:57.545+0200][1,197s] GC(2) Concurrent Clear Claimed Marks
[2023-04-27T22:15:57.545+0200][1,197s] GC(2) Concurrent Clear Claimed Marks 0,020ms
[2023-04-27T22:15:57.545+0200][1,197s] GC(2) Concurrent Scan Root Regions
[2023-04-27T22:15:57.548+0200][1,200s] GC(2) Concurrent Scan Root Regions 3,236ms
[2023-04-27T22:15:57.548+0200][1,200s] GC(2) Concurrent Mark (1,200s)
[2023-04-27T22:15:57.548+0200][1,200s] GC(2) Concurrent Mark From Roots
[2023-04-27T22:15:57.548+0200][1,200s] GC(2) Using 2 workers of 2 for marking
[2023-04-27T22:15:57.550+0200][1,202s] GC(2) Concurrent Mark From Roots 1,720ms
[2023-04-27T22:15:57.550+0200][1,202s] GC(2) Concurrent Preclean
[2023-04-27T22:15:57.550+0200][1,202s] GC(2) Concurrent Preclean 0,133ms
[2023-04-27T22:15:57.551+0200][1,202s] GC(2) Concurrent Mark (1,200s, 1,202s) 1,893ms
[2023-04-27T22:15:57.551+0200][1,203s] GC(2) Pause Remark
[2023-04-27T22:15:57.553+0200][1,204s] GC(2) Cleaned string and symbol table, strings: 8642 processed, 0 removed, symbols: 58989 processed, 43 removed
[2023-04-27T22:15:57.553+0200][1,205s] GC(2) Pause Remark 23M->23M(512M) 2,036ms
[2023-04-27T22:15:57.553+0200][1,205s] GC(2) User=0,02s Sys=0,00s Real=0,00s
[2023-04-27T22:15:57.553+0200][1,205s] GC(2) Concurrent Rebuild Remembered Sets
[2023-04-27T22:15:57.555+0200][1,207s] GC(2) Concurrent Rebuild Remembered Sets 2,292ms
[2023-04-27T22:15:57.555+0200][1,207s] GC(2) Pause Cleanup
[2023-04-27T22:15:57.555+0200][1,207s] GC(2) Pause Cleanup 23M->23M(512M) 0,079ms
[2023-04-27T22:15:57.555+0200][1,207s] GC(2) User=0,00s Sys=0,00s Real=0,00s
[2023-04-27T22:15:57.555+0200][1,207s] GC(2) Concurrent Cleanup for Next Mark
[2023-04-27T22:15:57.556+0200][1,208s] GC(2) Concurrent Cleanup for Next Mark 0,521ms
[2023-04-27T22:15:57.556+0200][1,208s] GC(2) Concurrent Cycle 10,901ms
[2023-04-27T22:15:58.148+0200][1,800s] GC(3) Pause Young (Normal) (G1 Evacuation Pause)
[2023-04-27T22:15:58.148+0200][1,800s] GC(3) Using 8 workers of 8 for evacuation
[2023-04-27T22:15:58.160+0200][1,812s] GC(3)   Pre Evacuate Collection Set: 0,0ms
[2023-04-27T22:15:58.160+0200][1,812s] GC(3)   Evacuate Collection Set: 11,3ms
[2023-04-27T22:15:58.160+0200][1,812s] GC(3)   Post Evacuate Collection Set: 1,1ms
[2023-04-27T22:15:58.160+0200][1,812s] GC(3)   Other: 0,1ms
[2023-04-27T22:15:58.160+0200][1,812s] GC(3) Eden regions: 86->0(105)
[2023-04-27T22:15:58.160+0200][1,812s] GC(3) Survivor regions: 19->11(14)
[2023-04-27T22:15:58.160+0200][1,812s] GC(3) Old regions: 2->20
[2023-04-27T22:15:58.160+0200][1,812s] GC(3) Humongous regions: 6->5
[2023-04-27T22:15:58.160+0200][1,812s] GC(3) Metaspace: 29643K(30848K)->29643K(30848K) NonClass: 26179K(26880K)->26179K(26880K) Class: 3464K(3968K)->3464K(3968K)
[2023-04-27T22:15:58.161+0200][1,812s] GC(3) Pause Young (Normal) (G1 Evacuation Pause) 111M->34M(512M) 12,625ms
[2023-04-27T22:15:58.161+0200][1,812s] GC(3) User=0,07s Sys=0,01s Real=0,02s
[2023-04-27T22:15:58.388+0200][2,040s] GC(4) Pause Young (Normal) (G1 Evacuation Pause)
[2023-04-27T22:15:58.388+0200][2,040s] GC(4) Using 8 workers of 8 for evacuation
[2023-04-27T22:15:58.392+0200][2,044s] GC(4)   Pre Evacuate Collection Set: 0,0ms
[2023-04-27T22:15:58.392+0200][2,044s] GC(4)   Evacuate Collection Set: 3,8ms
[2023-04-27T22:15:58.392+0200][2,044s] GC(4)   Post Evacuate Collection Set: 0,3ms
[2023-04-27T22:15:58.392+0200][2,044s] GC(4)   Other: 0,1ms
[2023-04-27T22:15:58.392+0200][2,044s] GC(4) Eden regions: 105->0(177)
[2023-04-27T22:15:58.392+0200][2,044s] GC(4) Survivor regions: 11->2(15)
[2023-04-27T22:15:58.392+0200][2,044s] GC(4) Old regions: 20->30
[2023-04-27T22:15:58.392+0200][2,044s] GC(4) Humongous regions: 5->5
[2023-04-27T22:15:58.392+0200][2,044s] GC(4) Metaspace: 32561K(33664K)->32561K(33664K) NonClass: 28753K(29440K)->28753K(29440K) Class: 3807K(4224K)->3807K(4224K)
[2023-04-27T22:15:58.392+0200][2,044s] GC(4) Pause Young (Normal) (G1 Evacuation Pause) 139M->35M(512M) 4,285ms
[2023-04-27T22:15:58.392+0200][2,044s] GC(4) User=0,03s Sys=0,00s Real=0,00s
[2023-04-27T22:15:58.630+0200][2,281s] GC(5) Pause Young (Concurrent Start) (Metadata GC Threshold)
[2023-04-27T22:15:58.630+0200][2,281s] GC(5) Using 8 workers of 8 for evacuation
[2023-04-27T22:15:58.632+0200][2,284s] GC(5)   Pre Evacuate Collection Set: 0,1ms
[2023-04-27T22:15:58.632+0200][2,284s] GC(5)   Evacuate Collection Set: 2,1ms
[2023-04-27T22:15:58.632+0200][2,284s] GC(5)   Post Evacuate Collection Set: 0,2ms
[2023-04-27T22:15:58.632+0200][2,284s] GC(5)   Other: 0,1ms
[2023-04-27T22:15:58.632+0200][2,284s] GC(5) Eden regions: 112->0(176)
[2023-04-27T22:15:58.632+0200][2,284s] GC(5) Survivor regions: 2->3(23)
[2023-04-27T22:15:58.632+0200][2,284s] GC(5) Old regions: 30->30
[2023-04-27T22:15:58.632+0200][2,284s] GC(5) Humongous regions: 5->5
[2023-04-27T22:15:58.632+0200][2,284s] GC(5) Metaspace: 34432K(35628K)->34432K(35628K) NonClass: 30433K(31148K)->30433K(31148K) Class: 3999K(4480K)->3999K(4480K)
[2023-04-27T22:15:58.632+0200][2,284s] GC(5) Pause Young (Concurrent Start) (Metadata GC Threshold) 147M->35M(512M) 2,623ms
[2023-04-27T22:15:58.632+0200][2,284s] GC(5) User=0,02s Sys=0,00s Real=0,00s
[2023-04-27T22:15:58.632+0200][2,284s] GC(6) Concurrent Cycle
[2023-04-27T22:15:58.632+0200][2,284s] GC(6) Concurrent Clear Claimed Marks
[2023-04-27T22:15:58.632+0200][2,284s] GC(6) Concurrent Clear Claimed Marks 0,018ms
[2023-04-27T22:15:58.632+0200][2,284s] GC(6) Concurrent Scan Root Regions
[2023-04-27T22:15:58.633+0200][2,285s] GC(6) Concurrent Scan Root Regions 0,821ms
[2023-04-27T22:15:58.633+0200][2,285s] GC(6) Concurrent Mark (2,285s)
[2023-04-27T22:15:58.633+0200][2,285s] GC(6) Concurrent Mark From Roots
[2023-04-27T22:15:58.633+0200][2,285s] GC(6) Using 2 workers of 2 for marking
[2023-04-27T22:15:58.648+0200][2,300s] GC(6) Concurrent Mark From Roots 14,594ms
[2023-04-27T22:15:58.648+0200][2,300s] GC(6) Concurrent Preclean
[2023-04-27T22:15:58.648+0200][2,300s] GC(6) Concurrent Preclean 0,101ms
[2023-04-27T22:15:58.648+0200][2,300s] GC(6) Concurrent Mark (2,285s, 2,300s) 14,753ms
[2023-04-27T22:15:58.648+0200][2,300s] GC(6) Pause Remark
[2023-04-27T22:15:58.656+0200][2,308s] GC(6) Cleaned string and symbol table, strings: 17520 processed, 34 removed, symbols: 100323 processed, 111 removed
[2023-04-27T22:15:58.657+0200][2,308s] GC(6) Pause Remark 37M->37M(512M) 8,534ms
[2023-04-27T22:15:58.657+0200][2,308s] GC(6) User=0,05s Sys=0,00s Real=0,00s
[2023-04-27T22:15:58.657+0200][2,308s] GC(6) Concurrent Rebuild Remembered Sets
[2023-04-27T22:15:58.666+0200][2,318s] GC(6) Concurrent Rebuild Remembered Sets 9,512ms
[2023-04-27T22:15:58.666+0200][2,318s] GC(6) Pause Cleanup
[2023-04-27T22:15:58.666+0200][2,318s] GC(6) Pause Cleanup 38M->38M(512M) 0,090ms
[2023-04-27T22:15:58.666+0200][2,318s] GC(6) User=0,00s Sys=0,00s Real=0,00s
[2023-04-27T22:15:58.666+0200][2,318s] GC(6) Concurrent Cleanup for Next Mark
[2023-04-27T22:15:58.667+0200][2,319s] GC(6) Concurrent Cleanup for Next Mark 0,479ms
[2023-04-27T22:15:58.667+0200][2,319s] GC(6) Concurrent Cycle 34,588ms
[2023-04-27T22:16:11.314+0200][14,966s] GC(7) Pause Young (Normal) (G1 Evacuation Pause)
[2023-04-27T22:16:11.314+0200][14,966s] GC(7) Using 8 workers of 8 for evacuation
[2023-04-27T22:16:11.329+0200][14,981s] GC(7)   Pre Evacuate Collection Set: 0,0ms
[2023-04-27T22:16:11.329+0200][14,981s] GC(7)   Evacuate Collection Set: 7,4ms
[2023-04-27T22:16:11.329+0200][14,981s] GC(7)   Post Evacuate Collection Set: 7,1ms
[2023-04-27T22:16:11.329+0200][14,981s] GC(7)   Other: 0,2ms
[2023-04-27T22:16:11.329+0200][14,981s] GC(7) Eden regions: 176->0(296)
[2023-04-27T22:16:11.329+0200][14,981s] GC(7) Survivor regions: 3->11(23)
[2023-04-27T22:16:11.329+0200][14,981s] GC(7) Old regions: 30->30
[2023-04-27T22:16:11.329+0200][14,981s] GC(7) Humongous regions: 32->8
[2023-04-27T22:16:11.329+0200][14,981s] GC(7) Metaspace: 44292K(45868K)->44292K(45868K) NonClass: 39088K(40108K)->39088K(40108K) Class: 5203K(5760K)->5203K(5760K)
[2023-04-27T22:16:11.329+0200][14,981s] GC(7) Pause Young (Normal) (G1 Evacuation Pause) 238M->46M(512M) 14,836ms
[2023-04-27T22:16:11.329+0200][14,981s] GC(7) User=0,06s Sys=0,02s Real=0,02s
[2023-04-27T22:27:31.996+0200][695,647s] Heap
[2023-04-27T22:27:31.996+0200][695,647s]  garbage-first heap   total 524288K, used 133598K [0x00000000e0000000, 0x0000000100000000)
[2023-04-27T22:27:31.996+0200][695,647s]   region size 1024K, 95 young (97280K), 11 survivors (11264K)
[2023-04-27T22:27:31.996+0200][695,647s]  Metaspace       used 48671K, capacity 49926K, committed 50220K, reserved 1093632K
[2023-04-27T22:27:31.996+0200][695,647s]   class space    used 5647K, capacity 6157K, committed 6272K, reserved 1048576K
