[2023-04-27T22:40:26.645+0200][0.016s] Heap region size: 1M
[2023-04-27T22:40:26.660+0200][0.031s] Using G1
[2023-04-27T22:40:26.660+0200][0.031s] Heap address: 0x00000000e0000000, size: 512 MB, Compressed Oops mode: 32-bit
[2023-04-27T22:40:26.660+0200][0.032s] Mark closed archive regions in map: [0x00000000fff00000, 0x00000000fff6aff8]
[2023-04-27T22:40:26.660+0200][0.032s] Mark open archive regions in map: [0x00000000ffe00000, 0x00000000ffe47ff8]
[2023-04-27T22:40:27.337+0200][0,709s] GC(0) Pause Young (Normal) (G1 Evacuation Pause)
[2023-04-27T22:40:27.338+0200][0,709s] GC(0) Using 8 workers of 8 for evacuation
[2023-04-27T22:40:27.346+0200][0,718s] GC(0)   Pre Evacuate Collection Set: 0,0ms
[2023-04-27T22:40:27.346+0200][0,718s] GC(0)   Evacuate Collection Set: 7,3ms
[2023-04-27T22:40:27.346+0200][0,718s] GC(0)   Post Evacuate Collection Set: 1,1ms
[2023-04-27T22:40:27.346+0200][0,718s] GC(0)   Other: 0,5ms
[2023-04-27T22:40:27.346+0200][0,718s] GC(0) Eden regions: 30->0(303)
[2023-04-27T22:40:27.346+0200][0,718s] GC(0) Survivor regions: 0->4(4)
[2023-04-27T22:40:27.346+0200][0,718s] GC(0) Old regions: 2->2
[2023-04-27T22:40:27.346+0200][0,718s] GC(0) Humongous regions: 0->0
[2023-04-27T22:40:27.346+0200][0,718s] GC(0) Metaspace: 9429K(9984K)->9429K(9984K) NonClass: 8331K(8704K)->8331K(8704K) Class: 1098K(1280K)->1098K(1280K)
[2023-04-27T22:40:27.346+0200][0,718s] GC(0) Pause Young (Normal) (G1 Evacuation Pause) 30M->4M(512M) 9,017ms
[2023-04-27T22:40:27.346+0200][0,718s] GC(0) User=0,06s Sys=0,01s Real=0,01s
[2023-04-27T22:40:28.348+0200][1,720s] GC(1) Pause Young (Concurrent Start) (Metadata GC Threshold)
[2023-04-27T22:40:28.348+0200][1,720s] GC(1) Using 8 workers of 8 for evacuation
[2023-04-27T22:40:28.363+0200][1,734s] GC(1)   Pre Evacuate Collection Set: 0,0ms
[2023-04-27T22:40:28.363+0200][1,734s] GC(1)   Evacuate Collection Set: 12,0ms
[2023-04-27T22:40:28.363+0200][1,734s] GC(1)   Post Evacuate Collection Set: 2,0ms
[2023-04-27T22:40:28.363+0200][1,734s] GC(1)   Other: 0,3ms
[2023-04-27T22:40:28.363+0200][1,734s] GC(1) Eden regions: 95->0(92)
[2023-04-27T22:40:28.363+0200][1,734s] GC(1) Survivor regions: 4->19(39)
[2023-04-27T22:40:28.363+0200][1,735s] GC(1) Old regions: 2->2
[2023-04-27T22:40:28.363+0200][1,735s] GC(1) Humongous regions: 4->4
[2023-04-27T22:40:28.363+0200][1,735s] GC(1) Metaspace: 20335K(21248K)->20335K(21248K) NonClass: 18010K(18688K)->18010K(18688K) Class: 2324K(2560K)->2324K(2560K)
[2023-04-27T22:40:28.363+0200][1,735s] GC(1) Pause Young (Concurrent Start) (Metadata GC Threshold) 103M->23M(512M) 14,754ms
[2023-04-27T22:40:28.363+0200][1,735s] GC(1) User=0,06s Sys=0,01s Real=0,01s
[2023-04-27T22:40:28.363+0200][1,735s] GC(2) Concurrent Cycle
[2023-04-27T22:40:28.363+0200][1,735s] GC(2) Concurrent Clear Claimed Marks
[2023-04-27T22:40:28.364+0200][1,735s] GC(2) Concurrent Clear Claimed Marks 0,211ms
[2023-04-27T22:40:28.364+0200][1,735s] GC(2) Concurrent Scan Root Regions
[2023-04-27T22:40:28.371+0200][1,743s] GC(2) Concurrent Scan Root Regions 7,480ms
[2023-04-27T22:40:28.371+0200][1,743s] GC(2) Concurrent Mark (1,743s)
[2023-04-27T22:40:28.371+0200][1,743s] GC(2) Concurrent Mark From Roots
[2023-04-27T22:40:28.371+0200][1,743s] GC(2) Using 2 workers of 2 for marking
[2023-04-27T22:40:28.377+0200][1,748s] GC(2) Concurrent Mark From Roots 5,622ms
[2023-04-27T22:40:28.377+0200][1,748s] GC(2) Concurrent Preclean
[2023-04-27T22:40:28.377+0200][1,749s] GC(2) Concurrent Preclean 0,122ms
[2023-04-27T22:40:28.377+0200][1,749s] GC(2) Concurrent Mark (1,743s, 1,749s) 6,023ms
[2023-04-27T22:40:28.377+0200][1,749s] GC(2) Pause Remark
[2023-04-27T22:40:28.383+0200][1,754s] GC(2) Cleaned string and symbol table, strings: 8638 processed, 0 removed, symbols: 58987 processed, 43 removed
[2023-04-27T22:40:28.383+0200][1,754s] GC(2) Pause Remark 24M->24M(512M) 5,509ms
[2023-04-27T22:40:28.383+0200][1,754s] GC(2) User=0,03s Sys=0,00s Real=0,01s
[2023-04-27T22:40:28.383+0200][1,754s] GC(2) Concurrent Rebuild Remembered Sets
[2023-04-27T22:40:28.385+0200][1,756s] GC(2) Concurrent Rebuild Remembered Sets 1,656ms
[2023-04-27T22:40:28.385+0200][1,756s] GC(2) Pause Cleanup
[2023-04-27T22:40:28.385+0200][1,756s] GC(2) Pause Cleanup 24M->24M(512M) 0,121ms
[2023-04-27T22:40:28.385+0200][1,756s] GC(2) User=0,00s Sys=0,00s Real=0,00s
[2023-04-27T22:40:28.385+0200][1,756s] GC(2) Concurrent Cleanup for Next Mark
[2023-04-27T22:40:28.385+0200][1,757s] GC(2) Concurrent Cleanup for Next Mark 0,474ms
[2023-04-27T22:40:28.385+0200][1,757s] GC(2) Concurrent Cycle 22,112ms
[2023-04-27T22:40:29.086+0200][2,457s] GC(3) Pause Young (Normal) (G1 Evacuation Pause)
[2023-04-27T22:40:29.086+0200][2,457s] GC(3) Using 8 workers of 8 for evacuation
[2023-04-27T22:40:29.103+0200][2,475s] GC(3)   Pre Evacuate Collection Set: 0,0ms
[2023-04-27T22:40:29.103+0200][2,475s] GC(3)   Evacuate Collection Set: 15,7ms
[2023-04-27T22:40:29.103+0200][2,475s] GC(3)   Post Evacuate Collection Set: 1,7ms
[2023-04-27T22:40:29.103+0200][2,475s] GC(3)   Other: 0,1ms
[2023-04-27T22:40:29.103+0200][2,475s] GC(3) Eden regions: 85->0(104)
[2023-04-27T22:40:29.103+0200][2,475s] GC(3) Survivor regions: 19->10(13)
[2023-04-27T22:40:29.103+0200][2,475s] GC(3) Old regions: 2->20
[2023-04-27T22:40:29.103+0200][2,475s] GC(3) Humongous regions: 6->5
[2023-04-27T22:40:29.103+0200][2,475s] GC(3) Metaspace: 29680K(30720K)->29680K(30720K) NonClass: 26224K(26880K)->26224K(26880K) Class: 3456K(3840K)->3456K(3840K)
[2023-04-27T22:40:29.103+0200][2,475s] GC(3) Pause Young (Normal) (G1 Evacuation Pause) 110M->33M(512M) 17,713ms
[2023-04-27T22:40:29.103+0200][2,475s] GC(3) User=0,08s Sys=0,01s Real=0,02s
[2023-04-27T22:40:29.486+0200][2,857s] GC(4) Pause Young (Normal) (G1 Evacuation Pause)
[2023-04-27T22:40:29.486+0200][2,857s] GC(4) Using 8 workers of 8 for evacuation
[2023-04-27T22:40:29.490+0200][2,861s] GC(4)   Pre Evacuate Collection Set: 0,0ms
[2023-04-27T22:40:29.490+0200][2,862s] GC(4)   Evacuate Collection Set: 4,0ms
[2023-04-27T22:40:29.490+0200][2,862s] GC(4)   Post Evacuate Collection Set: 0,3ms
[2023-04-27T22:40:29.490+0200][2,862s] GC(4)   Other: 0,1ms
[2023-04-27T22:40:29.490+0200][2,862s] GC(4) Eden regions: 104->0(144)
[2023-04-27T22:40:29.490+0200][2,862s] GC(4) Survivor regions: 10->3(15)
[2023-04-27T22:40:29.490+0200][2,862s] GC(4) Old regions: 20->29
[2023-04-27T22:40:29.490+0200][2,862s] GC(4) Humongous regions: 5->5
[2023-04-27T22:40:29.490+0200][2,862s] GC(4) Metaspace: 32638K(33664K)->32638K(33664K) NonClass: 28825K(29440K)->28825K(29440K) Class: 3813K(4224K)->3813K(4224K)
[2023-04-27T22:40:29.490+0200][2,862s] GC(4) Pause Young (Normal) (G1 Evacuation Pause) 137M->34M(512M) 4,525ms
[2023-04-27T22:40:29.490+0200][2,862s] GC(4) User=0,02s Sys=0,01s Real=0,01s
[2023-04-27T22:40:29.747+0200][3,119s] GC(5) Pause Young (Concurrent Start) (Metadata GC Threshold)
[2023-04-27T22:40:29.747+0200][3,119s] GC(5) Using 8 workers of 8 for evacuation
[2023-04-27T22:40:29.752+0200][3,123s] GC(5)   Pre Evacuate Collection Set: 0,2ms
[2023-04-27T22:40:29.752+0200][3,123s] GC(5)   Evacuate Collection Set: 4,1ms
[2023-04-27T22:40:29.752+0200][3,123s] GC(5)   Post Evacuate Collection Set: 0,2ms
[2023-04-27T22:40:29.752+0200][3,123s] GC(5)   Other: 0,2ms
[2023-04-27T22:40:29.752+0200][3,123s] GC(5) Eden regions: 114->0(304)
[2023-04-27T22:40:29.752+0200][3,123s] GC(5) Survivor regions: 3->3(19)
[2023-04-27T22:40:29.752+0200][3,123s] GC(5) Old regions: 29->29
[2023-04-27T22:40:29.752+0200][3,123s] GC(5) Humongous regions: 5->5
[2023-04-27T22:40:29.752+0200][3,123s] GC(5) Metaspace: 34527K(35628K)->34527K(35628K) NonClass: 30522K(31148K)->30522K(31148K) Class: 4004K(4480K)->4004K(4480K)
[2023-04-27T22:40:29.752+0200][3,123s] GC(5) Pause Young (Concurrent Start) (Metadata GC Threshold) 148M->34M(512M) 4,794ms
[2023-04-27T22:40:29.752+0200][3,123s] GC(5) User=0,04s Sys=0,00s Real=0,01s
[2023-04-27T22:40:29.752+0200][3,123s] GC(6) Concurrent Cycle
[2023-04-27T22:40:29.752+0200][3,124s] GC(6) Concurrent Clear Claimed Marks
[2023-04-27T22:40:29.752+0200][3,124s] GC(6) Concurrent Clear Claimed Marks 0,028ms
[2023-04-27T22:40:29.752+0200][3,124s] GC(6) Concurrent Scan Root Regions
[2023-04-27T22:40:29.753+0200][3,124s] GC(6) Concurrent Scan Root Regions 0,901ms
[2023-04-27T22:40:29.753+0200][3,124s] GC(6) Concurrent Mark (3,124s)
[2023-04-27T22:40:29.753+0200][3,124s] GC(6) Concurrent Mark From Roots
[2023-04-27T22:40:29.753+0200][3,124s] GC(6) Using 2 workers of 2 for marking
[2023-04-27T22:40:29.776+0200][3,147s] GC(6) Concurrent Mark From Roots 22,552ms
[2023-04-27T22:40:29.776+0200][3,147s] GC(6) Concurrent Preclean
[2023-04-27T22:40:29.776+0200][3,148s] GC(6) Concurrent Preclean 0,329ms
[2023-04-27T22:40:29.776+0200][3,148s] GC(6) Concurrent Mark (3,124s, 3,148s) 23,075ms
[2023-04-27T22:40:29.777+0200][3,148s] GC(6) Pause Remark
[2023-04-27T22:40:29.783+0200][3,154s] GC(6) Cleaned string and symbol table, strings: 17597 processed, 34 removed, symbols: 101338 processed, 111 removed
[2023-04-27T22:40:29.783+0200][3,154s] GC(6) Pause Remark 38M->38M(512M) 6,201ms
[2023-04-27T22:40:29.783+0200][3,154s] GC(6) User=0,04s Sys=0,01s Real=0,01s
[2023-04-27T22:40:29.783+0200][3,154s] GC(6) Concurrent Rebuild Remembered Sets
[2023-04-27T22:40:29.798+0200][3,169s] GC(6) Concurrent Rebuild Remembered Sets 15,096ms
[2023-04-27T22:40:29.798+0200][3,170s] GC(6) Pause Cleanup
[2023-04-27T22:40:29.798+0200][3,170s] GC(6) Pause Cleanup 38M->38M(512M) 0,123ms
[2023-04-27T22:40:29.798+0200][3,170s] GC(6) User=0,00s Sys=0,00s Real=0,00s
[2023-04-27T22:40:29.798+0200][3,170s] GC(6) Concurrent Cleanup for Next Mark
[2023-04-27T22:40:29.799+0200][3,170s] GC(6) Concurrent Cleanup for Next Mark 0,474ms
[2023-04-27T22:40:29.799+0200][3,170s] GC(6) Concurrent Cycle 46,788ms
[2023-04-27T22:55:02.643+0200][876,014s] GC(7) Pause Young (Normal) (G1 Evacuation Pause)
[2023-04-27T22:55:02.643+0200][876,014s] GC(7) Using 8 workers of 8 for evacuation
[2023-04-27T22:55:02.654+0200][876,025s] GC(7)   Pre Evacuate Collection Set: 0,0ms
[2023-04-27T22:55:02.654+0200][876,025s] GC(7)   Evacuate Collection Set: 7,5ms
[2023-04-27T22:55:02.654+0200][876,025s] GC(7)   Post Evacuate Collection Set: 3,2ms
[2023-04-27T22:55:02.654+0200][876,025s] GC(7)   Other: 0,3ms
[2023-04-27T22:55:02.654+0200][876,025s] GC(7) Eden regions: 304->0(296)
[2023-04-27T22:55:02.654+0200][876,025s] GC(7) Survivor regions: 3->11(39)
[2023-04-27T22:55:02.654+0200][876,026s] GC(7) Old regions: 29->29
[2023-04-27T22:55:02.654+0200][876,026s] GC(7) Humongous regions: 5->5
[2023-04-27T22:55:02.654+0200][876,026s] GC(7) Metaspace: 45951K(47276K)->45951K(47276K) NonClass: 40550K(41388K)->40550K(41388K) Class: 5401K(5888K)->5401K(5888K)
[2023-04-27T22:55:02.654+0200][876,026s] GC(7) Pause Young (Normal) (G1 Evacuation Pause) 338M->42M(512M) 11,168ms
[2023-04-27T22:55:02.654+0200][876,026s] GC(7) User=0,06s Sys=0,02s Real=0,01s
[2023-04-27T23:01:59.748+0200][1293,120s] Heap
[2023-04-27T23:01:59.749+0200][1293,120s]  garbage-first heap   total 524288K, used 305893K [0x00000000e0000000, 0x0000000100000000)
[2023-04-27T23:01:59.749+0200][1293,120s]   region size 1024K, 240 young (245760K), 11 survivors (11264K)
[2023-04-27T23:01:59.749+0200][1293,120s]  Metaspace       used 51261K, capacity 52609K, committed 52780K, reserved 1095680K
[2023-04-27T23:01:59.749+0200][1293,120s]   class space    used 5887K, capacity 6472K, committed 6528K, reserved 1048576K
