[2023-04-27T23:02:05.262+0200][0.010s] Heap region size: 1M
[2023-04-27T23:02:05.281+0200][0.028s] Using G1
[2023-04-27T23:02:05.281+0200][0.028s] Heap address: 0x00000000e0000000, size: 512 MB, Compressed Oops mode: 32-bit
[2023-04-27T23:02:05.282+0200][0.029s] Mark closed archive regions in map: [0x00000000fff00000, 0x00000000fff6aff8]
[2023-04-27T23:02:05.282+0200][0.029s] Mark open archive regions in map: [0x00000000ffe00000, 0x00000000ffe47ff8]
[2023-04-27T23:02:05.947+0200][0,694s] GC(0) Pause Young (Normal) (G1 Evacuation Pause)
[2023-04-27T23:02:05.947+0200][0,694s] GC(0) Using 8 workers of 8 for evacuation
[2023-04-27T23:02:05.957+0200][0,705s] GC(0)   Pre Evacuate Collection Set: 0,0ms
[2023-04-27T23:02:05.957+0200][0,705s] GC(0)   Evacuate Collection Set: 9,8ms
[2023-04-27T23:02:05.957+0200][0,705s] GC(0)   Post Evacuate Collection Set: 0,5ms
[2023-04-27T23:02:05.957+0200][0,705s] GC(0)   Other: 0,6ms
[2023-04-27T23:02:05.957+0200][0,705s] GC(0) Eden regions: 30->0(303)
[2023-04-27T23:02:05.957+0200][0,705s] GC(0) Survivor regions: 0->4(4)
[2023-04-27T23:02:05.957+0200][0,705s] GC(0) Old regions: 2->3
[2023-04-27T23:02:05.957+0200][0,705s] GC(0) Humongous regions: 0->0
[2023-04-27T23:02:05.958+0200][0,705s] GC(0) Metaspace: 9489K(9984K)->9489K(9984K) NonClass: 8382K(8704K)->8382K(8704K) Class: 1107K(1280K)->1107K(1280K)
[2023-04-27T23:02:05.958+0200][0,705s] GC(0) Pause Young (Normal) (G1 Evacuation Pause) 30M->4M(512M) 10,946ms
[2023-04-27T23:02:05.958+0200][0,705s] GC(0) User=0,05s Sys=0,00s Real=0,01s
[2023-04-27T23:02:07.118+0200][1,865s] GC(1) Pause Young (Concurrent Start) (Metadata GC Threshold)
[2023-04-27T23:02:07.118+0200][1,865s] GC(1) Using 8 workers of 8 for evacuation
[2023-04-27T23:02:07.142+0200][1,889s] GC(1)   Pre Evacuate Collection Set: 0,2ms
[2023-04-27T23:02:07.142+0200][1,889s] GC(1)   Evacuate Collection Set: 20,0ms
[2023-04-27T23:02:07.142+0200][1,889s] GC(1)   Post Evacuate Collection Set: 3,6ms
[2023-04-27T23:02:07.142+0200][1,889s] GC(1)   Other: 0,4ms
[2023-04-27T23:02:07.142+0200][1,889s] GC(1) Eden regions: 96->0(93)
[2023-04-27T23:02:07.142+0200][1,889s] GC(1) Survivor regions: 4->19(39)
[2023-04-27T23:02:07.142+0200][1,889s] GC(1) Old regions: 3->3
[2023-04-27T23:02:07.142+0200][1,889s] GC(1) Humongous regions: 4->4
[2023-04-27T23:02:07.142+0200][1,889s] GC(1) Metaspace: 20370K(21248K)->20370K(21248K) NonClass: 18046K(18688K)->18046K(18688K) Class: 2323K(2560K)->2323K(2560K)
[2023-04-27T23:02:07.142+0200][1,889s] GC(1) Pause Young (Concurrent Start) (Metadata GC Threshold) 104M->23M(512M) 24,369ms
[2023-04-27T23:02:07.142+0200][1,889s] GC(1) User=0,11s Sys=0,01s Real=0,03s
[2023-04-27T23:02:07.142+0200][1,889s] GC(2) Concurrent Cycle
[2023-04-27T23:02:07.142+0200][1,889s] GC(2) Concurrent Clear Claimed Marks
[2023-04-27T23:02:07.142+0200][1,889s] GC(2) Concurrent Clear Claimed Marks 0,046ms
[2023-04-27T23:02:07.142+0200][1,889s] GC(2) Concurrent Scan Root Regions
[2023-04-27T23:02:07.146+0200][1,894s] GC(2) Concurrent Scan Root Regions 4,390ms
[2023-04-27T23:02:07.146+0200][1,894s] GC(2) Concurrent Mark (1,894s)
[2023-04-27T23:02:07.146+0200][1,894s] GC(2) Concurrent Mark From Roots
[2023-04-27T23:02:07.147+0200][1,894s] GC(2) Using 2 workers of 2 for marking
[2023-04-27T23:02:07.150+0200][1,897s] GC(2) Concurrent Mark From Roots 3,484ms
[2023-04-27T23:02:07.150+0200][1,897s] GC(2) Concurrent Preclean
[2023-04-27T23:02:07.150+0200][1,897s] GC(2) Concurrent Preclean 0,261ms
[2023-04-27T23:02:07.151+0200][1,898s] GC(2) Concurrent Mark (1,894s, 1,897s) 3,826ms
[2023-04-27T23:02:07.151+0200][1,898s] GC(2) Pause Remark
[2023-04-27T23:02:07.159+0200][1,907s] GC(2) Cleaned string and symbol table, strings: 8659 processed, 0 removed, symbols: 59016 processed, 43 removed
[2023-04-27T23:02:07.160+0200][1,907s] GC(2) Pause Remark 24M->24M(512M) 9,138ms
[2023-04-27T23:02:07.160+0200][1,907s] GC(2) User=0,05s Sys=0,00s Real=0,00s
[2023-04-27T23:02:07.160+0200][1,907s] GC(2) Concurrent Rebuild Remembered Sets
[2023-04-27T23:02:07.163+0200][1,910s] GC(2) Concurrent Rebuild Remembered Sets 3,041ms
[2023-04-27T23:02:07.163+0200][1,910s] GC(2) Pause Cleanup
[2023-04-27T23:02:07.163+0200][1,911s] GC(2) Pause Cleanup 24M->24M(512M) 0,146ms
[2023-04-27T23:02:07.163+0200][1,911s] GC(2) User=0,00s Sys=0,00s Real=0,00s
[2023-04-27T23:02:07.163+0200][1,911s] GC(2) Concurrent Cleanup for Next Mark
[2023-04-27T23:02:07.164+0200][1,911s] GC(2) Concurrent Cleanup for Next Mark 0,845ms
[2023-04-27T23:02:07.164+0200][1,911s] GC(2) Concurrent Cycle 22,376ms
[2023-04-27T23:02:08.038+0200][2,785s] GC(3) Pause Young (Normal) (G1 Evacuation Pause)
[2023-04-27T23:02:08.038+0200][2,785s] GC(3) Using 8 workers of 8 for evacuation
[2023-04-27T23:02:08.058+0200][2,805s] GC(3)   Pre Evacuate Collection Set: 0,0ms
[2023-04-27T23:02:08.058+0200][2,805s] GC(3)   Evacuate Collection Set: 12,8ms
[2023-04-27T23:02:08.058+0200][2,805s] GC(3)   Post Evacuate Collection Set: 7,1ms
[2023-04-27T23:02:08.058+0200][2,805s] GC(3)   Other: 0,1ms
[2023-04-27T23:02:08.058+0200][2,805s] GC(3) Eden regions: 87->0(105)
[2023-04-27T23:02:08.058+0200][2,805s] GC(3) Survivor regions: 19->10(14)
[2023-04-27T23:02:08.058+0200][2,805s] GC(3) Old regions: 3->21
[2023-04-27T23:02:08.058+0200][2,805s] GC(3) Humongous regions: 6->5
[2023-04-27T23:02:08.058+0200][2,805s] GC(3) Metaspace: 29672K(30720K)->29672K(30720K) NonClass: 26222K(26880K)->26222K(26880K) Class: 3449K(3840K)->3449K(3840K)
[2023-04-27T23:02:08.058+0200][2,805s] GC(3) Pause Young (Normal) (G1 Evacuation Pause) 112M->33M(512M) 20,047ms
[2023-04-27T23:02:08.058+0200][2,805s] GC(3) User=0,10s Sys=0,04s Real=0,02s
[2023-04-27T23:02:08.361+0200][3,108s] GC(4) Pause Young (Normal) (G1 Evacuation Pause)
[2023-04-27T23:02:08.361+0200][3,108s] GC(4) Using 8 workers of 8 for evacuation
[2023-04-27T23:02:08.366+0200][3,113s] GC(4)   Pre Evacuate Collection Set: 0,0ms
[2023-04-27T23:02:08.366+0200][3,114s] GC(4)   Evacuate Collection Set: 5,1ms
[2023-04-27T23:02:08.366+0200][3,114s] GC(4)   Post Evacuate Collection Set: 0,3ms
[2023-04-27T23:02:08.366+0200][3,114s] GC(4)   Other: 0,2ms
[2023-04-27T23:02:08.366+0200][3,114s] GC(4) Eden regions: 105->0(141)
[2023-04-27T23:02:08.366+0200][3,114s] GC(4) Survivor regions: 10->3(15)
[2023-04-27T23:02:08.366+0200][3,114s] GC(4) Old regions: 21->30
[2023-04-27T23:02:08.366+0200][3,114s] GC(4) Humongous regions: 5->5
[2023-04-27T23:02:08.366+0200][3,114s] GC(4) Metaspace: 32710K(33664K)->32710K(33664K) NonClass: 28888K(29440K)->28888K(29440K) Class: 3822K(4224K)->3822K(4224K)
[2023-04-27T23:02:08.366+0200][3,114s] GC(4) Pause Young (Normal) (G1 Evacuation Pause) 138M->36M(512M) 5,739ms
[2023-04-27T23:02:08.366+0200][3,114s] GC(4) User=0,03s Sys=0,01s Real=0,00s
[2023-04-27T23:02:08.696+0200][3,443s] GC(5) Pause Young (Concurrent Start) (Metadata GC Threshold)
[2023-04-27T23:02:08.696+0200][3,443s] GC(5) Using 8 workers of 8 for evacuation
[2023-04-27T23:02:08.699+0200][3,446s] GC(5)   Pre Evacuate Collection Set: 0,1ms
[2023-04-27T23:02:08.699+0200][3,446s] GC(5)   Evacuate Collection Set: 2,6ms
[2023-04-27T23:02:08.699+0200][3,446s] GC(5)   Post Evacuate Collection Set: 0,2ms
[2023-04-27T23:02:08.699+0200][3,446s] GC(5)   Other: 0,2ms
[2023-04-27T23:02:08.699+0200][3,446s] GC(5) Eden regions: 115->0(304)
[2023-04-27T23:02:08.699+0200][3,446s] GC(5) Survivor regions: 3->3(18)
[2023-04-27T23:02:08.699+0200][3,446s] GC(5) Old regions: 30->30
[2023-04-27T23:02:08.699+0200][3,446s] GC(5) Humongous regions: 5->5
[2023-04-27T23:02:08.699+0200][3,446s] GC(5) Metaspace: 34542K(35628K)->34542K(35628K) NonClass: 30535K(31148K)->30535K(31148K) Class: 4006K(4480K)->4006K(4480K)
[2023-04-27T23:02:08.699+0200][3,446s] GC(5) Pause Young (Concurrent Start) (Metadata GC Threshold) 150M->35M(512M) 3,205ms
[2023-04-27T23:02:08.699+0200][3,446s] GC(5) User=0,02s Sys=0,01s Real=0,00s
[2023-04-27T23:02:08.699+0200][3,446s] GC(6) Concurrent Cycle
[2023-04-27T23:02:08.699+0200][3,446s] GC(6) Concurrent Clear Claimed Marks
[2023-04-27T23:02:08.699+0200][3,446s] GC(6) Concurrent Clear Claimed Marks 0,020ms
[2023-04-27T23:02:08.699+0200][3,446s] GC(6) Concurrent Scan Root Regions
[2023-04-27T23:02:08.700+0200][3,447s] GC(6) Concurrent Scan Root Regions 1,007ms
[2023-04-27T23:02:08.700+0200][3,447s] GC(6) Concurrent Mark (3,447s)
[2023-04-27T23:02:08.700+0200][3,447s] GC(6) Concurrent Mark From Roots
[2023-04-27T23:02:08.700+0200][3,447s] GC(6) Using 2 workers of 2 for marking
[2023-04-27T23:02:08.719+0200][3,466s] GC(6) Concurrent Mark From Roots 19,150ms
[2023-04-27T23:02:08.719+0200][3,466s] GC(6) Concurrent Preclean
[2023-04-27T23:02:08.719+0200][3,467s] GC(6) Concurrent Preclean 0,142ms
[2023-04-27T23:02:08.720+0200][3,467s] GC(6) Concurrent Mark (3,447s, 3,467s) 19,375ms
[2023-04-27T23:02:08.720+0200][3,467s] GC(6) Pause Remark
[2023-04-27T23:02:08.724+0200][3,471s] GC(6) Cleaned string and symbol table, strings: 17633 processed, 34 removed, symbols: 100936 processed, 103 removed
[2023-04-27T23:02:08.724+0200][3,472s] GC(6) Pause Remark 38M->38M(512M) 4,825ms
[2023-04-27T23:02:08.724+0200][3,472s] GC(6) User=0,03s Sys=0,00s Real=0,01s
[2023-04-27T23:02:08.725+0200][3,472s] GC(6) Concurrent Rebuild Remembered Sets
[2023-04-27T23:02:08.735+0200][3,482s] GC(6) Concurrent Rebuild Remembered Sets 10,315ms
[2023-04-27T23:02:08.735+0200][3,482s] GC(6) Pause Cleanup
[2023-04-27T23:02:08.735+0200][3,482s] GC(6) Pause Cleanup 40M->40M(512M) 0,198ms
[2023-04-27T23:02:08.735+0200][3,482s] GC(6) User=0,00s Sys=0,00s Real=0,00s
[2023-04-27T23:02:08.735+0200][3,482s] GC(6) Concurrent Cleanup for Next Mark
[2023-04-27T23:02:08.736+0200][3,483s] GC(6) Concurrent Cleanup for Next Mark 0,981ms
[2023-04-27T23:02:08.736+0200][3,484s] GC(6) Concurrent Cycle 37,391ms
[2023-04-27T23:04:09.957+0200][124,704s] Heap
[2023-04-27T23:04:09.957+0200][124,705s]  garbage-first heap   total 524288K, used 235223K [0x00000000e0000000, 0x0000000100000000)
[2023-04-27T23:04:09.957+0200][124,705s]   region size 1024K, 198 young (202752K), 3 survivors (3072K)
[2023-04-27T23:04:09.957+0200][124,705s]  Metaspace       used 45971K, capacity 47205K, committed 47404K, reserved 1091584K
[2023-04-27T23:04:09.957+0200][124,705s]   class space    used 5435K, capacity 5934K, committed 6016K, reserved 1048576K
