[2023-04-27T19:40:58.171+0200][0.013s] Heap region size: 1M
[2023-04-27T19:40:58.191+0200][0.034s] Using G1
[2023-04-27T19:40:58.191+0200][0.034s] Heap address: 0x00000000e0000000, size: 512 MB, Compressed Oops mode: 32-bit
[2023-04-27T19:40:58.192+0200][0.034s] Mark closed archive regions in map: [0x00000000fff00000, 0x00000000fff6aff8]
[2023-04-27T19:40:58.192+0200][0.034s] Mark open archive regions in map: [0x00000000ffe00000, 0x00000000ffe47ff8]
[2023-04-27T19:40:59.195+0200][1,037s] GC(0) Pause Young (Normal) (G1 Evacuation Pause)
[2023-04-27T19:40:59.196+0200][1,038s] GC(0) Using 8 workers of 8 for evacuation
[2023-04-27T19:40:59.206+0200][1,048s] GC(0)   Pre Evacuate Collection Set: 0,0ms
[2023-04-27T19:40:59.206+0200][1,048s] GC(0)   Evacuate Collection Set: 9,6ms
[2023-04-27T19:40:59.206+0200][1,048s] GC(0)   Post Evacuate Collection Set: 0,3ms
[2023-04-27T19:40:59.206+0200][1,049s] GC(0)   Other: 1,2ms
[2023-04-27T19:40:59.206+0200][1,049s] GC(0) Eden regions: 30->0(303)
[2023-04-27T19:40:59.206+0200][1,049s] GC(0) Survivor regions: 0->4(4)
[2023-04-27T19:40:59.206+0200][1,049s] GC(0) Old regions: 2->3
[2023-04-27T19:40:59.206+0200][1,049s] GC(0) Humongous regions: 0->0
[2023-04-27T19:40:59.206+0200][1,049s] GC(0) Metaspace: 9473K(9984K)->9473K(9984K) NonClass: 8365K(8704K)->8365K(8704K) Class: 1107K(1280K)->1107K(1280K)
[2023-04-27T19:40:59.206+0200][1,049s] GC(0) Pause Young (Normal) (G1 Evacuation Pause) 30M->4M(512M) 11,261ms
[2023-04-27T19:40:59.206+0200][1,049s] GC(0) User=0,08s Sys=0,00s Real=0,01s
[2023-04-27T19:41:00.947+0200][2,789s] GC(1) Pause Young (Concurrent Start) (Metadata GC Threshold)
[2023-04-27T19:41:00.947+0200][2,789s] GC(1) Using 8 workers of 8 for evacuation
[2023-04-27T19:41:00.977+0200][2,819s] GC(1)   Pre Evacuate Collection Set: 0,1ms
[2023-04-27T19:41:00.977+0200][2,819s] GC(1)   Evacuate Collection Set: 25,2ms
[2023-04-27T19:41:00.977+0200][2,819s] GC(1)   Post Evacuate Collection Set: 4,3ms
[2023-04-27T19:41:00.977+0200][2,819s] GC(1)   Other: 0,3ms
[2023-04-27T19:41:00.977+0200][2,819s] GC(1) Eden regions: 104->0(101)
[2023-04-27T19:41:00.977+0200][2,819s] GC(1) Survivor regions: 4->19(39)
[2023-04-27T19:41:00.977+0200][2,819s] GC(1) Old regions: 3->3
[2023-04-27T19:41:00.977+0200][2,819s] GC(1) Humongous regions: 4->4
[2023-04-27T19:41:00.977+0200][2,819s] GC(1) Metaspace: 20330K(21248K)->20330K(21248K) NonClass: 18006K(18688K)->18006K(18688K) Class: 2324K(2560K)->2324K(2560K)
[2023-04-27T19:41:00.977+0200][2,819s] GC(1) Pause Young (Concurrent Start) (Metadata GC Threshold) 112M->23M(512M) 30,072ms
[2023-04-27T19:41:00.977+0200][2,819s] GC(1) User=0,12s Sys=0,02s Real=0,04s
[2023-04-27T19:41:00.977+0200][2,819s] GC(2) Concurrent Cycle
[2023-04-27T19:41:00.977+0200][2,819s] GC(2) Concurrent Clear Claimed Marks
[2023-04-27T19:41:00.977+0200][2,819s] GC(2) Concurrent Clear Claimed Marks 0,066ms
[2023-04-27T19:41:00.977+0200][2,819s] GC(2) Concurrent Scan Root Regions
[2023-04-27T19:41:00.987+0200][2,829s] GC(2) Concurrent Scan Root Regions 9,494ms
[2023-04-27T19:41:00.987+0200][2,829s] GC(2) Concurrent Mark (2,829s)
[2023-04-27T19:41:00.987+0200][2,829s] GC(2) Concurrent Mark From Roots
[2023-04-27T19:41:00.987+0200][2,829s] GC(2) Using 2 workers of 2 for marking
[2023-04-27T19:41:00.993+0200][2,835s] GC(2) Concurrent Mark From Roots 5,841ms
[2023-04-27T19:41:00.993+0200][2,835s] GC(2) Concurrent Preclean
[2023-04-27T19:41:00.993+0200][2,835s] GC(2) Concurrent Preclean 0,116ms
[2023-04-27T19:41:00.993+0200][2,835s] GC(2) Concurrent Mark (2,829s, 2,835s) 6,066ms
[2023-04-27T19:41:00.993+0200][2,835s] GC(2) Pause Remark
[2023-04-27T19:41:01.028+0200][2,870s] GC(2) Cleaned string and symbol table, strings: 8631 processed, 0 removed, symbols: 58916 processed, 43 removed
[2023-04-27T19:41:01.028+0200][2,871s] GC(2) Pause Remark 24M->24M(512M) 35,294ms
[2023-04-27T19:41:01.028+0200][2,871s] GC(2) User=0,11s Sys=0,00s Real=0,03s
[2023-04-27T19:41:01.030+0200][2,873s] GC(2) Concurrent Rebuild Remembered Sets
[2023-04-27T19:41:01.044+0200][2,886s] GC(2) Concurrent Rebuild Remembered Sets 13,718ms
[2023-04-27T19:41:01.044+0200][2,887s] GC(2) Pause Cleanup
[2023-04-27T19:41:01.045+0200][2,887s] GC(2) Pause Cleanup 24M->24M(512M) 0,349ms
[2023-04-27T19:41:01.045+0200][2,887s] GC(2) User=0,00s Sys=0,00s Real=0,00s
[2023-04-27T19:41:01.045+0200][2,887s] GC(2) Concurrent Cleanup for Next Mark
[2023-04-27T19:41:01.045+0200][2,888s] GC(2) Concurrent Cleanup for Next Mark 0,550ms
[2023-04-27T19:41:01.045+0200][2,888s] GC(2) Concurrent Cycle 68,384ms
[2023-04-27T19:41:02.420+0200][4,262s] GC(3) Pause Young (Normal) (G1 Evacuation Pause)
[2023-04-27T19:41:02.420+0200][4,262s] GC(3) Using 8 workers of 8 for evacuation
[2023-04-27T19:41:02.449+0200][4,291s] GC(3)   Pre Evacuate Collection Set: 0,0ms
[2023-04-27T19:41:02.449+0200][4,291s] GC(3)   Evacuate Collection Set: 26,0ms
[2023-04-27T19:41:02.449+0200][4,291s] GC(3)   Post Evacuate Collection Set: 2,4ms
[2023-04-27T19:41:02.449+0200][4,291s] GC(3)   Other: 0,2ms
[2023-04-27T19:41:02.449+0200][4,291s] GC(3) Eden regions: 85->0(111)
[2023-04-27T19:41:02.449+0200][4,291s] GC(3) Survivor regions: 19->10(13)
[2023-04-27T19:41:02.449+0200][4,291s] GC(3) Old regions: 3->21
[2023-04-27T19:41:02.449+0200][4,291s] GC(3) Humongous regions: 6->5
[2023-04-27T19:41:02.449+0200][4,291s] GC(3) Metaspace: 29417K(30464K)->29417K(30464K) NonClass: 26007K(26624K)->26007K(26624K) Class: 3410K(3840K)->3410K(3840K)
[2023-04-27T19:41:02.449+0200][4,291s] GC(3) Pause Young (Normal) (G1 Evacuation Pause) 110M->33M(512M) 28,804ms
[2023-04-27T19:41:02.449+0200][4,291s] GC(3) User=0,16s Sys=0,03s Real=0,02s
[2023-04-27T19:41:03.150+0200][4,992s] GC(4) Pause Young (Normal) (G1 Evacuation Pause)
[2023-04-27T19:41:03.150+0200][4,992s] GC(4) Using 8 workers of 8 for evacuation
[2023-04-27T19:41:03.158+0200][5,000s] GC(4)   Pre Evacuate Collection Set: 0,0ms
[2023-04-27T19:41:03.158+0200][5,001s] GC(4)   Evacuate Collection Set: 7,8ms
[2023-04-27T19:41:03.158+0200][5,001s] GC(4)   Post Evacuate Collection Set: 0,4ms
[2023-04-27T19:41:03.158+0200][5,001s] GC(4)   Other: 0,2ms
[2023-04-27T19:41:03.158+0200][5,001s] GC(4) Eden regions: 111->0(163)
[2023-04-27T19:41:03.158+0200][5,001s] GC(4) Survivor regions: 10->3(16)
[2023-04-27T19:41:03.158+0200][5,001s] GC(4) Old regions: 21->29
[2023-04-27T19:41:03.158+0200][5,001s] GC(4) Humongous regions: 5->5
[2023-04-27T19:41:03.158+0200][5,001s] GC(4) Metaspace: 32604K(33664K)->32604K(33664K) NonClass: 28796K(29440K)->28796K(29440K) Class: 3808K(4224K)->3808K(4224K)
[2023-04-27T19:41:03.158+0200][5,001s] GC(4) Pause Young (Normal) (G1 Evacuation Pause) 144M->34M(512M) 8,563ms
[2023-04-27T19:41:03.158+0200][5,001s] GC(4) User=0,04s Sys=0,00s Real=0,01s
[2023-04-27T19:41:03.708+0200][5,550s] GC(5) Pause Young (Concurrent Start) (Metadata GC Threshold)
[2023-04-27T19:41:03.708+0200][5,550s] GC(5) Using 8 workers of 8 for evacuation
[2023-04-27T19:41:03.714+0200][5,557s] GC(5)   Pre Evacuate Collection Set: 0,1ms
[2023-04-27T19:41:03.714+0200][5,557s] GC(5)   Evacuate Collection Set: 5,7ms
[2023-04-27T19:41:03.714+0200][5,557s] GC(5)   Post Evacuate Collection Set: 0,4ms
[2023-04-27T19:41:03.715+0200][5,557s] GC(5)   Other: 0,2ms
[2023-04-27T19:41:03.715+0200][5,557s] GC(5) Eden regions: 112->0(304)
[2023-04-27T19:41:03.715+0200][5,557s] GC(5) Survivor regions: 3->3(21)
[2023-04-27T19:41:03.715+0200][5,557s] GC(5) Old regions: 29->29
[2023-04-27T19:41:03.715+0200][5,557s] GC(5) Humongous regions: 5->5
[2023-04-27T19:41:03.715+0200][5,557s] GC(5) Metaspace: 34616K(35628K)->34616K(35628K) NonClass: 30597K(31148K)->30597K(31148K) Class: 4019K(4480K)->4019K(4480K)
[2023-04-27T19:41:03.715+0200][5,557s] GC(5) Pause Young (Concurrent Start) (Metadata GC Threshold) 146M->34M(512M) 6,609ms
[2023-04-27T19:41:03.715+0200][5,557s] GC(5) User=0,03s Sys=0,00s Real=0,01s
[2023-04-27T19:41:03.715+0200][5,557s] GC(6) Concurrent Cycle
[2023-04-27T19:41:03.715+0200][5,557s] GC(6) Concurrent Clear Claimed Marks
[2023-04-27T19:41:03.715+0200][5,557s] GC(6) Concurrent Clear Claimed Marks 0,056ms
[2023-04-27T19:41:03.715+0200][5,557s] GC(6) Concurrent Scan Root Regions
[2023-04-27T19:41:03.717+0200][5,559s] GC(6) Concurrent Scan Root Regions 1,769ms
[2023-04-27T19:41:03.717+0200][5,559s] GC(6) Concurrent Mark (5,559s)
[2023-04-27T19:41:03.717+0200][5,559s] GC(6) Concurrent Mark From Roots
[2023-04-27T19:41:03.717+0200][5,559s] GC(6) Using 2 workers of 2 for marking
[2023-04-27T19:41:03.754+0200][5,596s] GC(6) Concurrent Mark From Roots 36,823ms
[2023-04-27T19:41:03.754+0200][5,596s] GC(6) Concurrent Preclean
[2023-04-27T19:41:03.754+0200][5,596s] GC(6) Concurrent Preclean 0,202ms
[2023-04-27T19:41:03.754+0200][5,596s] GC(6) Concurrent Mark (5,559s, 5,596s) 37,095ms
[2023-04-27T19:41:03.754+0200][5,596s] GC(6) Pause Remark
[2023-04-27T19:41:03.760+0200][5,603s] GC(6) Cleaned string and symbol table, strings: 17574 processed, 34 removed, symbols: 101347 processed, 110 removed
[2023-04-27T19:41:03.761+0200][5,603s] GC(6) Pause Remark 37M->37M(512M) 6,618ms
[2023-04-27T19:41:03.761+0200][5,603s] GC(6) User=0,04s Sys=0,01s Real=0,01s
[2023-04-27T19:41:03.761+0200][5,603s] GC(6) Concurrent Rebuild Remembered Sets
[2023-04-27T19:41:03.784+0200][5,626s] GC(6) Concurrent Rebuild Remembered Sets 23,192ms
[2023-04-27T19:41:03.784+0200][5,626s] GC(6) Pause Cleanup
[2023-04-27T19:41:03.784+0200][5,626s] GC(6) Pause Cleanup 38M->38M(512M) 0,211ms
[2023-04-27T19:41:03.784+0200][5,626s] GC(6) User=0,00s Sys=0,00s Real=0,00s
[2023-04-27T19:41:03.784+0200][5,626s] GC(6) Concurrent Cleanup for Next Mark
[2023-04-27T19:41:03.785+0200][5,627s] GC(6) Concurrent Cleanup for Next Mark 0,500ms
[2023-04-27T19:41:03.785+0200][5,627s] GC(6) Concurrent Cycle 70,139ms
[2023-04-27T20:02:29.046+0200][1290,888s] Heap
[2023-04-27T20:02:29.046+0200][1290,888s]  garbage-first heap   total 524288K, used 225116K [0x00000000e0000000, 0x0000000100000000)
[2023-04-27T20:02:29.046+0200][1290,888s]   region size 1024K, 186 young (190464K), 3 survivors (3072K)
[2023-04-27T20:02:29.046+0200][1290,888s]  Metaspace       used 45011K, capacity 46175K, committed 46252K, reserved 1089536K
[2023-04-27T20:02:29.046+0200][1290,888s]   class space    used 5340K, capacity 5814K, committed 5888K, reserved 1048576K
