[2023-04-27T23:22:16.954+0200][0.008s] Heap region size: 1M
[2023-04-27T23:22:16.980+0200][0.035s] Using G1
[2023-04-27T23:22:16.980+0200][0.035s] Heap address: 0x00000000e0000000, size: 512 MB, Compressed Oops mode: 32-bit
[2023-04-27T23:22:16.980+0200][0.035s] Mark closed archive regions in map: [0x00000000fff00000, 0x00000000fff6aff8]
[2023-04-27T23:22:16.980+0200][0.035s] Mark open archive regions in map: [0x00000000ffe00000, 0x00000000ffe47ff8]
[2023-04-27T23:22:17.670+0200][0,725s] GC(0) Pause Young (Normal) (G1 Evacuation Pause)
[2023-04-27T23:22:17.671+0200][0,726s] GC(0) Using 8 workers of 8 for evacuation
[2023-04-27T23:22:17.679+0200][0,734s] GC(0)   Pre Evacuate Collection Set: 0,0ms
[2023-04-27T23:22:17.679+0200][0,734s] GC(0)   Evacuate Collection Set: 7,5ms
[2023-04-27T23:22:17.679+0200][0,734s] GC(0)   Post Evacuate Collection Set: 0,5ms
[2023-04-27T23:22:17.679+0200][0,734s] GC(0)   Other: 0,5ms
[2023-04-27T23:22:17.679+0200][0,734s] GC(0) Eden regions: 30->0(303)
[2023-04-27T23:22:17.679+0200][0,734s] GC(0) Survivor regions: 0->4(4)
[2023-04-27T23:22:17.679+0200][0,734s] GC(0) Old regions: 2->3
[2023-04-27T23:22:17.679+0200][0,734s] GC(0) Humongous regions: 0->0
[2023-04-27T23:22:17.679+0200][0,734s] GC(0) Metaspace: 9491K(9984K)->9491K(9984K) NonClass: 8384K(8704K)->8384K(8704K) Class: 1107K(1280K)->1107K(1280K)
[2023-04-27T23:22:17.679+0200][0,734s] GC(0) Pause Young (Normal) (G1 Evacuation Pause) 30M->4M(512M) 8,581ms
[2023-04-27T23:22:17.679+0200][0,734s] GC(0) User=0,05s Sys=0,00s Real=0,00s
[2023-04-27T23:22:18.746+0200][1,801s] GC(1) Pause Young (Concurrent Start) (Metadata GC Threshold)
[2023-04-27T23:22:18.746+0200][1,801s] GC(1) Using 8 workers of 8 for evacuation
[2023-04-27T23:22:18.764+0200][1,818s] GC(1)   Pre Evacuate Collection Set: 0,0ms
[2023-04-27T23:22:18.764+0200][1,818s] GC(1)   Evacuate Collection Set: 15,3ms
[2023-04-27T23:22:18.764+0200][1,818s] GC(1)   Post Evacuate Collection Set: 1,7ms
[2023-04-27T23:22:18.764+0200][1,818s] GC(1)   Other: 0,2ms
[2023-04-27T23:22:18.764+0200][1,818s] GC(1) Eden regions: 96->0(93)
[2023-04-27T23:22:18.764+0200][1,818s] GC(1) Survivor regions: 4->18(39)
[2023-04-27T23:22:18.764+0200][1,819s] GC(1) Old regions: 3->3
[2023-04-27T23:22:18.764+0200][1,819s] GC(1) Humongous regions: 4->4
[2023-04-27T23:22:18.764+0200][1,819s] GC(1) Metaspace: 20300K(21248K)->20300K(21248K) NonClass: 17976K(18688K)->17976K(18688K) Class: 2323K(2560K)->2323K(2560K)
[2023-04-27T23:22:18.764+0200][1,819s] GC(1) Pause Young (Concurrent Start) (Metadata GC Threshold) 104M->22M(512M) 17,403ms
[2023-04-27T23:22:18.764+0200][1,819s] GC(1) User=0,07s Sys=0,01s Real=0,02s
[2023-04-27T23:22:18.764+0200][1,819s] GC(2) Concurrent Cycle
[2023-04-27T23:22:18.764+0200][1,819s] GC(2) Concurrent Clear Claimed Marks
[2023-04-27T23:22:18.764+0200][1,819s] GC(2) Concurrent Clear Claimed Marks 0,032ms
[2023-04-27T23:22:18.764+0200][1,819s] GC(2) Concurrent Scan Root Regions
[2023-04-27T23:22:18.768+0200][1,823s] GC(2) Concurrent Scan Root Regions 4,083ms
[2023-04-27T23:22:18.768+0200][1,823s] GC(2) Concurrent Mark (1,823s)
[2023-04-27T23:22:18.768+0200][1,823s] GC(2) Concurrent Mark From Roots
[2023-04-27T23:22:18.768+0200][1,823s] GC(2) Using 2 workers of 2 for marking
[2023-04-27T23:22:18.772+0200][1,827s] GC(2) Concurrent Mark From Roots 3,814ms
[2023-04-27T23:22:18.772+0200][1,827s] GC(2) Concurrent Preclean
[2023-04-27T23:22:18.772+0200][1,827s] GC(2) Concurrent Preclean 0,069ms
[2023-04-27T23:22:18.772+0200][1,827s] GC(2) Concurrent Mark (1,823s, 1,827s) 3,966ms
[2023-04-27T23:22:18.773+0200][1,828s] GC(2) Pause Remark
[2023-04-27T23:22:18.779+0200][1,834s] GC(2) Cleaned string and symbol table, strings: 8649 processed, 0 removed, symbols: 59016 processed, 43 removed
[2023-04-27T23:22:18.779+0200][1,834s] GC(2) Pause Remark 23M->23M(512M) 6,247ms
[2023-04-27T23:22:18.779+0200][1,834s] GC(2) User=0,04s Sys=0,00s Real=0,00s
[2023-04-27T23:22:18.779+0200][1,834s] GC(2) Concurrent Rebuild Remembered Sets
[2023-04-27T23:22:18.783+0200][1,838s] GC(2) Concurrent Rebuild Remembered Sets 4,207ms
[2023-04-27T23:22:18.784+0200][1,838s] GC(2) Pause Cleanup
[2023-04-27T23:22:18.784+0200][1,839s] GC(2) Pause Cleanup 24M->24M(512M) 0,150ms
[2023-04-27T23:22:18.784+0200][1,839s] GC(2) User=0,00s Sys=0,00s Real=0,00s
[2023-04-27T23:22:18.784+0200][1,839s] GC(2) Concurrent Cleanup for Next Mark
[2023-04-27T23:22:18.787+0200][1,842s] GC(2) Concurrent Cleanup for Next Mark 3,030ms
[2023-04-27T23:22:18.787+0200][1,842s] GC(2) Concurrent Cycle 23,680ms
[2023-04-27T23:22:19.550+0200][2,605s] GC(3) Pause Young (Normal) (G1 Evacuation Pause)
[2023-04-27T23:22:19.551+0200][2,605s] GC(3) Using 8 workers of 8 for evacuation
[2023-04-27T23:22:19.568+0200][2,622s] GC(3)   Pre Evacuate Collection Set: 0,0ms
[2023-04-27T23:22:19.568+0200][2,622s] GC(3)   Evacuate Collection Set: 15,7ms
[2023-04-27T23:22:19.568+0200][2,622s] GC(3)   Post Evacuate Collection Set: 1,4ms
[2023-04-27T23:22:19.568+0200][2,622s] GC(3)   Other: 0,1ms
[2023-04-27T23:22:19.568+0200][2,622s] GC(3) Eden regions: 85->0(104)
[2023-04-27T23:22:19.568+0200][2,622s] GC(3) Survivor regions: 18->10(13)
[2023-04-27T23:22:19.568+0200][2,622s] GC(3) Old regions: 3->21
[2023-04-27T23:22:19.568+0200][2,622s] GC(3) Humongous regions: 6->5
[2023-04-27T23:22:19.568+0200][2,622s] GC(3) Metaspace: 29440K(30464K)->29440K(30464K) NonClass: 26032K(26624K)->26032K(26624K) Class: 3408K(3840K)->3408K(3840K)
[2023-04-27T23:22:19.568+0200][2,622s] GC(3) Pause Young (Normal) (G1 Evacuation Pause) 109M->33M(512M) 17,250ms
[2023-04-27T23:22:19.568+0200][2,623s] GC(3) User=0,10s Sys=0,01s Real=0,01s
[2023-04-27T23:22:19.989+0200][3,043s] GC(4) Pause Young (Normal) (G1 Evacuation Pause)
[2023-04-27T23:22:19.989+0200][3,044s] GC(4) Using 8 workers of 8 for evacuation
[2023-04-27T23:22:20.000+0200][3,055s] GC(4)   Pre Evacuate Collection Set: 0,1ms
[2023-04-27T23:22:20.000+0200][3,055s] GC(4)   Evacuate Collection Set: 9,7ms
[2023-04-27T23:22:20.000+0200][3,055s] GC(4)   Post Evacuate Collection Set: 1,0ms
[2023-04-27T23:22:20.000+0200][3,055s] GC(4)   Other: 0,6ms
[2023-04-27T23:22:20.000+0200][3,055s] GC(4) Eden regions: 104->0(145)
[2023-04-27T23:22:20.000+0200][3,055s] GC(4) Survivor regions: 10->3(15)
[2023-04-27T23:22:20.000+0200][3,055s] GC(4) Old regions: 21->30
[2023-04-27T23:22:20.000+0200][3,055s] GC(4) Humongous regions: 5->5
[2023-04-27T23:22:20.000+0200][3,055s] GC(4) Metaspace: 32624K(33664K)->32624K(33664K) NonClass: 28805K(29440K)->28805K(29440K) Class: 3819K(4224K)->3819K(4224K)
[2023-04-27T23:22:20.000+0200][3,055s] GC(4) Pause Young (Normal) (G1 Evacuation Pause) 137M->35M(512M) 11,691ms
[2023-04-27T23:22:20.000+0200][3,055s] GC(4) User=0,06s Sys=0,01s Real=0,01s
[2023-04-27T23:22:20.341+0200][3,396s] GC(5) Pause Young (Concurrent Start) (Metadata GC Threshold)
[2023-04-27T23:22:20.341+0200][3,396s] GC(5) Using 8 workers of 8 for evacuation
[2023-04-27T23:22:20.346+0200][3,401s] GC(5)   Pre Evacuate Collection Set: 0,1ms
[2023-04-27T23:22:20.346+0200][3,401s] GC(5)   Evacuate Collection Set: 3,7ms
[2023-04-27T23:22:20.346+0200][3,401s] GC(5)   Post Evacuate Collection Set: 0,7ms
[2023-04-27T23:22:20.346+0200][3,401s] GC(5)   Other: 0,3ms
[2023-04-27T23:22:20.346+0200][3,401s] GC(5) Eden regions: 120->0(304)
[2023-04-27T23:22:20.346+0200][3,401s] GC(5) Survivor regions: 3->3(19)
[2023-04-27T23:22:20.346+0200][3,401s] GC(5) Old regions: 30->30
[2023-04-27T23:22:20.346+0200][3,401s] GC(5) Humongous regions: 5->5
[2023-04-27T23:22:20.346+0200][3,401s] GC(5) Metaspace: 34610K(35628K)->34610K(35628K) NonClass: 30588K(31148K)->30588K(31148K) Class: 4021K(4480K)->4021K(4480K)
[2023-04-27T23:22:20.346+0200][3,401s] GC(5) Pause Young (Concurrent Start) (Metadata GC Threshold) 155M->35M(512M) 5,135ms
[2023-04-27T23:22:20.346+0200][3,401s] GC(5) User=0,03s Sys=0,00s Real=0,00s
[2023-04-27T23:22:20.346+0200][3,401s] GC(6) Concurrent Cycle
[2023-04-27T23:22:20.346+0200][3,401s] GC(6) Concurrent Clear Claimed Marks
[2023-04-27T23:22:20.346+0200][3,401s] GC(6) Concurrent Clear Claimed Marks 0,033ms
[2023-04-27T23:22:20.346+0200][3,401s] GC(6) Concurrent Scan Root Regions
[2023-04-27T23:22:20.348+0200][3,403s] GC(6) Concurrent Scan Root Regions 2,022ms
[2023-04-27T23:22:20.348+0200][3,403s] GC(6) Concurrent Mark (3,403s)
[2023-04-27T23:22:20.348+0200][3,403s] GC(6) Concurrent Mark From Roots
[2023-04-27T23:22:20.348+0200][3,403s] GC(6) Using 2 workers of 2 for marking
[2023-04-27T23:22:20.370+0200][3,425s] GC(6) Concurrent Mark From Roots 21,471ms
[2023-04-27T23:22:20.370+0200][3,425s] GC(6) Concurrent Preclean
[2023-04-27T23:22:20.370+0200][3,425s] GC(6) Concurrent Preclean 0,092ms
[2023-04-27T23:22:20.370+0200][3,425s] GC(6) Concurrent Mark (3,403s, 3,425s) 21,610ms
[2023-04-27T23:22:20.370+0200][3,425s] GC(6) Pause Remark
[2023-04-27T23:22:20.374+0200][3,429s] GC(6) Cleaned string and symbol table, strings: 17616 processed, 34 removed, symbols: 101895 processed, 110 removed
[2023-04-27T23:22:20.375+0200][3,429s] GC(6) Pause Remark 38M->38M(512M) 4,367ms
[2023-04-27T23:22:20.375+0200][3,429s] GC(6) User=0,02s Sys=0,00s Real=0,00s
[2023-04-27T23:22:20.375+0200][3,429s] GC(6) Concurrent Rebuild Remembered Sets
[2023-04-27T23:22:20.386+0200][3,441s] GC(6) Concurrent Rebuild Remembered Sets 11,677ms
[2023-04-27T23:22:20.386+0200][3,441s] GC(6) Pause Cleanup
[2023-04-27T23:22:20.386+0200][3,441s] GC(6) Pause Cleanup 39M->39M(512M) 0,099ms
[2023-04-27T23:22:20.386+0200][3,441s] GC(6) User=0,00s Sys=0,00s Real=0,00s
[2023-04-27T23:22:20.386+0200][3,441s] GC(6) Concurrent Cleanup for Next Mark
[2023-04-27T23:22:20.387+0200][3,442s] GC(6) Concurrent Cleanup for Next Mark 0,505ms
[2023-04-27T23:22:20.387+0200][3,442s] GC(6) Concurrent Cycle 40,731ms
[2023-04-27T23:31:43.897+0200][566,952s] Heap
[2023-04-27T23:31:43.897+0200][566,952s]  garbage-first heap   total 524288K, used 287268K [0x00000000e0000000, 0x0000000100000000)
[2023-04-27T23:31:43.897+0200][566,952s]   region size 1024K, 247 young (252928K), 3 survivors (3072K)
[2023-04-27T23:31:43.897+0200][566,952s]  Metaspace       used 47309K, capacity 48547K, committed 48812K, reserved 1091584K
[2023-04-27T23:31:43.897+0200][566,952s]   class space    used 5560K, capacity 6054K, committed 6144K, reserved 1048576K
