[2023-04-27T22:33:14.745+0200][0.010s] Heap region size: 1M
[2023-04-27T22:33:14.760+0200][0.025s] Using G1
[2023-04-27T22:33:14.760+0200][0.025s] Heap address: 0x00000000e0000000, size: 512 MB, Compressed Oops mode: 32-bit
[2023-04-27T22:33:14.760+0200][0.025s] Mark closed archive regions in map: [0x00000000fff00000, 0x00000000fff6aff8]
[2023-04-27T22:33:14.760+0200][0.025s] Mark open archive regions in map: [0x00000000ffe00000, 0x00000000ffe47ff8]
[2023-04-27T22:33:15.495+0200][0,760s] GC(0) Pause Young (Normal) (G1 Evacuation Pause)
[2023-04-27T22:33:15.496+0200][0,761s] GC(0) Using 8 workers of 8 for evacuation
[2023-04-27T22:33:15.502+0200][0,768s] GC(0)   Pre Evacuate Collection Set: 0,0ms
[2023-04-27T22:33:15.503+0200][0,768s] GC(0)   Evacuate Collection Set: 5,5ms
[2023-04-27T22:33:15.503+0200][0,768s] GC(0)   Post Evacuate Collection Set: 1,2ms
[2023-04-27T22:33:15.503+0200][0,768s] GC(0)   Other: 0,5ms
[2023-04-27T22:33:15.503+0200][0,768s] GC(0) Eden regions: 30->0(303)
[2023-04-27T22:33:15.503+0200][0,768s] GC(0) Survivor regions: 0->4(4)
[2023-04-27T22:33:15.503+0200][0,768s] GC(0) Old regions: 2->3
[2023-04-27T22:33:15.503+0200][0,768s] GC(0) Humongous regions: 0->0
[2023-04-27T22:33:15.503+0200][0,768s] GC(0) Metaspace: 9472K(9984K)->9472K(9984K) NonClass: 8368K(8704K)->8368K(8704K) Class: 1104K(1280K)->1104K(1280K)
[2023-04-27T22:33:15.503+0200][0,768s] GC(0) Pause Young (Normal) (G1 Evacuation Pause) 30M->4M(512M) 7,562ms
[2023-04-27T22:33:15.503+0200][0,768s] GC(0) User=0,03s Sys=0,00s Real=0,01s
[2023-04-27T22:33:16.666+0200][1,931s] GC(1) Pause Young (Concurrent Start) (Metadata GC Threshold)
[2023-04-27T22:33:16.667+0200][1,932s] GC(1) Using 8 workers of 8 for evacuation
[2023-04-27T22:33:16.687+0200][1,953s] GC(1)   Pre Evacuate Collection Set: 0,1ms
[2023-04-27T22:33:16.688+0200][1,953s] GC(1)   Evacuate Collection Set: 17,0ms
[2023-04-27T22:33:16.688+0200][1,953s] GC(1)   Post Evacuate Collection Set: 3,3ms
[2023-04-27T22:33:16.688+0200][1,953s] GC(1)   Other: 0,7ms
[2023-04-27T22:33:16.688+0200][1,953s] GC(1) Eden regions: 100->0(97)
[2023-04-27T22:33:16.688+0200][1,953s] GC(1) Survivor regions: 4->19(39)
[2023-04-27T22:33:16.688+0200][1,953s] GC(1) Old regions: 3->3
[2023-04-27T22:33:16.688+0200][1,953s] GC(1) Humongous regions: 4->4
[2023-04-27T22:33:16.688+0200][1,953s] GC(1) Metaspace: 20342K(21248K)->20342K(21248K) NonClass: 18017K(18688K)->18017K(18688K) Class: 2324K(2560K)->2324K(2560K)
[2023-04-27T22:33:16.688+0200][1,953s] GC(1) Pause Young (Concurrent Start) (Metadata GC Threshold) 108M->23M(512M) 21,322ms
[2023-04-27T22:33:16.688+0200][1,953s] GC(1) User=0,09s Sys=0,01s Real=0,02s
[2023-04-27T22:33:16.688+0200][1,953s] GC(2) Concurrent Cycle
[2023-04-27T22:33:16.688+0200][1,953s] GC(2) Concurrent Clear Claimed Marks
[2023-04-27T22:33:16.688+0200][1,953s] GC(2) Concurrent Clear Claimed Marks 0,175ms
[2023-04-27T22:33:16.688+0200][1,953s] GC(2) Concurrent Scan Root Regions
[2023-04-27T22:33:16.693+0200][1,958s] GC(2) Concurrent Scan Root Regions 4,641ms
[2023-04-27T22:33:16.693+0200][1,958s] GC(2) Concurrent Mark (1,958s)
[2023-04-27T22:33:16.693+0200][1,958s] GC(2) Concurrent Mark From Roots
[2023-04-27T22:33:16.693+0200][1,958s] GC(2) Using 2 workers of 2 for marking
[2023-04-27T22:33:16.696+0200][1,961s] GC(2) Concurrent Mark From Roots 3,585ms
[2023-04-27T22:33:16.696+0200][1,961s] GC(2) Concurrent Preclean
[2023-04-27T22:33:16.696+0200][1,961s] GC(2) Concurrent Preclean 0,061ms
[2023-04-27T22:33:16.696+0200][1,961s] GC(2) Concurrent Mark (1,958s, 1,961s) 3,691ms
[2023-04-27T22:33:16.697+0200][1,962s] GC(2) Pause Remark
[2023-04-27T22:33:16.701+0200][1,966s] GC(2) Cleaned string and symbol table, strings: 8650 processed, 0 removed, symbols: 59221 processed, 43 removed
[2023-04-27T22:33:16.702+0200][1,967s] GC(2) Pause Remark 24M->24M(512M) 5,459ms
[2023-04-27T22:33:16.702+0200][1,967s] GC(2) User=0,03s Sys=0,00s Real=0,01s
[2023-04-27T22:33:16.702+0200][1,967s] GC(2) Concurrent Rebuild Remembered Sets
[2023-04-27T22:33:16.707+0200][1,972s] GC(2) Concurrent Rebuild Remembered Sets 4,762ms
[2023-04-27T22:33:16.708+0200][1,973s] GC(2) Pause Cleanup
[2023-04-27T22:33:16.708+0200][1,973s] GC(2) Pause Cleanup 24M->24M(512M) 0,145ms
[2023-04-27T22:33:16.708+0200][1,973s] GC(2) User=0,00s Sys=0,00s Real=0,00s
[2023-04-27T22:33:16.708+0200][1,973s] GC(2) Concurrent Cleanup for Next Mark
[2023-04-27T22:33:16.709+0200][1,974s] GC(2) Concurrent Cleanup for Next Mark 0,618ms
[2023-04-27T22:33:16.709+0200][1,974s] GC(2) Concurrent Cycle 21,082ms
[2023-04-27T22:33:17.615+0200][2,880s] GC(3) Pause Young (Normal) (G1 Evacuation Pause)
[2023-04-27T22:33:17.615+0200][2,880s] GC(3) Using 8 workers of 8 for evacuation
[2023-04-27T22:33:17.634+0200][2,899s] GC(3)   Pre Evacuate Collection Set: 0,1ms
[2023-04-27T22:33:17.634+0200][2,899s] GC(3)   Evacuate Collection Set: 15,3ms
[2023-04-27T22:33:17.634+0200][2,899s] GC(3)   Post Evacuate Collection Set: 2,9ms
[2023-04-27T22:33:17.634+0200][2,899s] GC(3)   Other: 0,6ms
[2023-04-27T22:33:17.634+0200][2,899s] GC(3) Eden regions: 90->0(109)
[2023-04-27T22:33:17.634+0200][2,899s] GC(3) Survivor regions: 19->10(14)
[2023-04-27T22:33:17.634+0200][2,899s] GC(3) Old regions: 3->20
[2023-04-27T22:33:17.634+0200][2,899s] GC(3) Humongous regions: 6->5
[2023-04-27T22:33:17.634+0200][2,899s] GC(3) Metaspace: 30154K(31360K)->30154K(31360K) NonClass: 26617K(27392K)->26617K(27392K) Class: 3536K(3968K)->3536K(3968K)
[2023-04-27T22:33:17.634+0200][2,899s] GC(3) Pause Young (Normal) (G1 Evacuation Pause) 115M->33M(512M) 18,999ms
[2023-04-27T22:33:17.634+0200][2,899s] GC(3) User=0,11s Sys=0,01s Real=0,02s
[2023-04-27T22:33:18.005+0200][3,270s] GC(4) Pause Young (Normal) (G1 Evacuation Pause)
[2023-04-27T22:33:18.005+0200][3,270s] GC(4) Using 8 workers of 8 for evacuation
[2023-04-27T22:33:18.012+0200][3,277s] GC(4)   Pre Evacuate Collection Set: 0,1ms
[2023-04-27T22:33:18.012+0200][3,277s] GC(4)   Evacuate Collection Set: 6,2ms
[2023-04-27T22:33:18.012+0200][3,277s] GC(4)   Post Evacuate Collection Set: 0,4ms
[2023-04-27T22:33:18.012+0200][3,277s] GC(4)   Other: 0,5ms
[2023-04-27T22:33:18.012+0200][3,277s] GC(4) Eden regions: 109->0(144)
[2023-04-27T22:33:18.012+0200][3,277s] GC(4) Survivor regions: 10->2(15)
[2023-04-27T22:33:18.012+0200][3,277s] GC(4) Old regions: 20->30
[2023-04-27T22:33:18.012+0200][3,277s] GC(4) Humongous regions: 5->5
[2023-04-27T22:33:18.012+0200][3,277s] GC(4) Metaspace: 32739K(33920K)->32739K(33920K) NonClass: 28919K(29696K)->28919K(29696K) Class: 3819K(4224K)->3819K(4224K)
[2023-04-27T22:33:18.012+0200][3,277s] GC(4) Pause Young (Normal) (G1 Evacuation Pause) 142M->35M(512M) 7,174ms
[2023-04-27T22:33:18.012+0200][3,277s] GC(4) User=0,04s Sys=0,01s Real=0,01s
[2023-04-27T22:33:18.275+0200][3,540s] GC(5) Pause Young (Concurrent Start) (Metadata GC Threshold)
[2023-04-27T22:33:18.275+0200][3,540s] GC(5) Using 8 workers of 8 for evacuation
[2023-04-27T22:33:18.278+0200][3,543s] GC(5)   Pre Evacuate Collection Set: 0,1ms
[2023-04-27T22:33:18.278+0200][3,543s] GC(5)   Evacuate Collection Set: 2,5ms
[2023-04-27T22:33:18.278+0200][3,543s] GC(5)   Post Evacuate Collection Set: 0,2ms
[2023-04-27T22:33:18.278+0200][3,543s] GC(5)   Other: 0,1ms
[2023-04-27T22:33:18.278+0200][3,543s] GC(5) Eden regions: 98->0(157)
[2023-04-27T22:33:18.278+0200][3,543s] GC(5) Survivor regions: 2->3(19)
[2023-04-27T22:33:18.278+0200][3,543s] GC(5) Old regions: 30->30
[2023-04-27T22:33:18.278+0200][3,543s] GC(5) Humongous regions: 5->5
[2023-04-27T22:33:18.278+0200][3,543s] GC(5) Metaspace: 34437K(35628K)->34437K(35628K) NonClass: 30440K(31148K)->30440K(31148K) Class: 3997K(4480K)->3997K(4480K)
[2023-04-27T22:33:18.278+0200][3,543s] GC(5) Pause Young (Concurrent Start) (Metadata GC Threshold) 132M->35M(512M) 2,900ms
[2023-04-27T22:33:18.278+0200][3,543s] GC(5) User=0,02s Sys=0,00s Real=0,00s
[2023-04-27T22:33:18.278+0200][3,543s] GC(6) Concurrent Cycle
[2023-04-27T22:33:18.278+0200][3,543s] GC(6) Concurrent Clear Claimed Marks
[2023-04-27T22:33:18.278+0200][3,543s] GC(6) Concurrent Clear Claimed Marks 0,020ms
[2023-04-27T22:33:18.278+0200][3,543s] GC(6) Concurrent Scan Root Regions
[2023-04-27T22:33:18.279+0200][3,544s] GC(6) Concurrent Scan Root Regions 0,854ms
[2023-04-27T22:33:18.279+0200][3,544s] GC(6) Concurrent Mark (3,544s)
[2023-04-27T22:33:18.279+0200][3,544s] GC(6) Concurrent Mark From Roots
[2023-04-27T22:33:18.279+0200][3,544s] GC(6) Using 2 workers of 2 for marking
[2023-04-27T22:33:18.306+0200][3,571s] GC(6) Concurrent Mark From Roots 27,732ms
[2023-04-27T22:33:18.306+0200][3,572s] GC(6) Concurrent Preclean
[2023-04-27T22:33:18.307+0200][3,572s] GC(6) Concurrent Preclean 0,129ms
[2023-04-27T22:33:18.307+0200][3,572s] GC(6) Concurrent Mark (3,544s, 3,572s) 27,911ms
[2023-04-27T22:33:18.307+0200][3,572s] GC(6) Pause Remark
[2023-04-27T22:33:18.310+0200][3,575s] GC(6) Cleaned string and symbol table, strings: 17489 processed, 34 removed, symbols: 100097 processed, 102 removed
[2023-04-27T22:33:18.311+0200][3,576s] GC(6) Pause Remark 41M->41M(512M) 3,896ms
[2023-04-27T22:33:18.311+0200][3,576s] GC(6) User=0,03s Sys=0,00s Real=0,01s
[2023-04-27T22:33:18.311+0200][3,576s] GC(6) Concurrent Rebuild Remembered Sets
[2023-04-27T22:33:18.323+0200][3,588s] GC(6) Concurrent Rebuild Remembered Sets 12,753ms
[2023-04-27T22:33:18.323+0200][3,589s] GC(6) Pause Cleanup
[2023-04-27T22:33:18.324+0200][3,589s] GC(6) Pause Cleanup 42M->42M(512M) 0,106ms
[2023-04-27T22:33:18.324+0200][3,589s] GC(6) User=0,00s Sys=0,00s Real=0,00s
[2023-04-27T22:33:18.324+0200][3,589s] GC(6) Concurrent Cleanup for Next Mark
[2023-04-27T22:33:18.324+0200][3,589s] GC(6) Concurrent Cleanup for Next Mark 0,494ms
[2023-04-27T22:33:18.324+0200][3,589s] GC(6) Concurrent Cycle 46,417ms
[2023-04-27T22:33:21.963+0200][7,228s] GC(7) Pause Young (Normal) (G1 Evacuation Pause)
[2023-04-27T22:33:21.963+0200][7,228s] GC(7) Using 8 workers of 8 for evacuation
[2023-04-27T22:33:21.978+0200][7,243s] GC(7)   Pre Evacuate Collection Set: 0,1ms
[2023-04-27T22:33:21.978+0200][7,243s] GC(7)   Evacuate Collection Set: 11,6ms
[2023-04-27T22:33:21.978+0200][7,243s] GC(7)   Post Evacuate Collection Set: 3,0ms
[2023-04-27T22:33:21.978+0200][7,243s] GC(7)   Other: 0,6ms
[2023-04-27T22:33:21.978+0200][7,243s] GC(7) Eden regions: 157->0(297)
[2023-04-27T22:33:21.978+0200][7,243s] GC(7) Survivor regions: 3->10(20)
[2023-04-27T22:33:21.978+0200][7,243s] GC(7) Old regions: 30->30
[2023-04-27T22:33:21.978+0200][7,243s] GC(7) Humongous regions: 8->8
[2023-04-27T22:33:21.978+0200][7,243s] GC(7) Metaspace: 44107K(45612K)->44107K(45612K) NonClass: 38884K(39852K)->38884K(39852K) Class: 5223K(5760K)->5223K(5760K)
[2023-04-27T22:33:21.978+0200][7,243s] GC(7) Pause Young (Normal) (G1 Evacuation Pause) 195M->46M(512M) 15,363ms
[2023-04-27T22:33:21.978+0200][7,243s] GC(7) User=0,08s Sys=0,01s Real=0,01s
[2023-04-27T22:38:04.145+0200][289,410s] Heap
[2023-04-27T22:38:04.145+0200][289,410s]  garbage-first heap   total 524288K, used 111696K [0x00000000e0000000, 0x0000000100000000)
[2023-04-27T22:38:04.145+0200][289,410s]   region size 1024K, 75 young (76800K), 10 survivors (10240K)
[2023-04-27T22:38:04.145+0200][289,410s]  Metaspace       used 47192K, capacity 48474K, committed 48812K, reserved 1091584K
[2023-04-27T22:38:04.145+0200][289,410s]   class space    used 5542K, capacity 6060K, committed 6144K, reserved 1048576K
