[2023-04-27T18:40:16.433+0200][0.013s] Heap region size: 1M
[2023-04-27T18:40:16.462+0200][0.042s] Using G1
[2023-04-27T18:40:16.462+0200][0.042s] Heap address: 0x00000000e0000000, size: 512 MB, Compressed Oops mode: 32-bit
[2023-04-27T18:40:16.463+0200][0.042s] Mark closed archive regions in map: [0x00000000fff00000, 0x00000000fff6aff8]
[2023-04-27T18:40:16.463+0200][0.043s] Mark open archive regions in map: [0x00000000ffe00000, 0x00000000ffe47ff8]
[2023-04-27T18:40:17.443+0200][1,022s] GC(0) Pause Young (Normal) (G1 Evacuation Pause)
[2023-04-27T18:40:17.443+0200][1,023s] GC(0) Using 8 workers of 8 for evacuation
[2023-04-27T18:40:17.454+0200][1,034s] GC(0)   Pre Evacuate Collection Set: 0,0ms
[2023-04-27T18:40:17.454+0200][1,034s] GC(0)   Evacuate Collection Set: 10,2ms
[2023-04-27T18:40:17.454+0200][1,034s] GC(0)   Post Evacuate Collection Set: 0,4ms
[2023-04-27T18:40:17.454+0200][1,034s] GC(0)   Other: 1,0ms
[2023-04-27T18:40:17.454+0200][1,034s] GC(0) Eden regions: 30->0(303)
[2023-04-27T18:40:17.454+0200][1,034s] GC(0) Survivor regions: 0->4(4)
[2023-04-27T18:40:17.454+0200][1,034s] GC(0) Old regions: 2->3
[2023-04-27T18:40:17.454+0200][1,034s] GC(0) Humongous regions: 0->0
[2023-04-27T18:40:17.454+0200][1,034s] GC(0) Metaspace: 9419K(9984K)->9419K(9984K) NonClass: 8317K(8704K)->8317K(8704K) Class: 1102K(1280K)->1102K(1280K)
[2023-04-27T18:40:17.454+0200][1,034s] GC(0) Pause Young (Normal) (G1 Evacuation Pause) 30M->4M(512M) 11,747ms
[2023-04-27T18:40:17.454+0200][1,034s] GC(0) User=0,07s Sys=0,01s Real=0,01s
[2023-04-27T18:40:19.167+0200][2,747s] GC(1) Pause Young (Concurrent Start) (Metadata GC Threshold)
[2023-04-27T18:40:19.167+0200][2,747s] GC(1) Using 8 workers of 8 for evacuation
[2023-04-27T18:40:19.200+0200][2,779s] GC(1)   Pre Evacuate Collection Set: 0,1ms
[2023-04-27T18:40:19.200+0200][2,779s] GC(1)   Evacuate Collection Set: 27,5ms
[2023-04-27T18:40:19.200+0200][2,779s] GC(1)   Post Evacuate Collection Set: 4,4ms
[2023-04-27T18:40:19.200+0200][2,779s] GC(1)   Other: 0,4ms
[2023-04-27T18:40:19.200+0200][2,779s] GC(1) Eden regions: 94->0(91)
[2023-04-27T18:40:19.200+0200][2,779s] GC(1) Survivor regions: 4->19(39)
[2023-04-27T18:40:19.200+0200][2,780s] GC(1) Old regions: 3->3
[2023-04-27T18:40:19.200+0200][2,780s] GC(1) Humongous regions: 4->4
[2023-04-27T18:40:19.200+0200][2,780s] GC(1) Metaspace: 20326K(21248K)->20326K(21248K) NonClass: 18008K(18688K)->18008K(18688K) Class: 2318K(2560K)->2318K(2560K)
[2023-04-27T18:40:19.200+0200][2,780s] GC(1) Pause Young (Concurrent Start) (Metadata GC Threshold) 102M->23M(512M) 32,402ms
[2023-04-27T18:40:19.200+0200][2,780s] GC(1) User=0,13s Sys=0,02s Real=0,04s
[2023-04-27T18:40:19.200+0200][2,780s] GC(2) Concurrent Cycle
[2023-04-27T18:40:19.200+0200][2,780s] GC(2) Concurrent Clear Claimed Marks
[2023-04-27T18:40:19.200+0200][2,780s] GC(2) Concurrent Clear Claimed Marks 0,057ms
[2023-04-27T18:40:19.200+0200][2,780s] GC(2) Concurrent Scan Root Regions
[2023-04-27T18:40:19.210+0200][2,789s] GC(2) Concurrent Scan Root Regions 9,692ms
[2023-04-27T18:40:19.210+0200][2,789s] GC(2) Concurrent Mark (2,789s)
[2023-04-27T18:40:19.210+0200][2,790s] GC(2) Concurrent Mark From Roots
[2023-04-27T18:40:19.210+0200][2,790s] GC(2) Using 2 workers of 2 for marking
[2023-04-27T18:40:19.220+0200][2,800s] GC(2) Concurrent Mark From Roots 10,245ms
[2023-04-27T18:40:19.220+0200][2,800s] GC(2) Concurrent Preclean
[2023-04-27T18:40:19.221+0200][2,801s] GC(2) Concurrent Preclean 0,693ms
[2023-04-27T18:40:19.221+0200][2,801s] GC(2) Concurrent Mark (2,789s, 2,801s) 11,066ms
[2023-04-27T18:40:19.221+0200][2,801s] GC(2) Pause Remark
[2023-04-27T18:40:19.228+0200][2,808s] GC(2) Cleaned string and symbol table, strings: 8641 processed, 0 removed, symbols: 59215 processed, 43 removed
[2023-04-27T18:40:19.228+0200][2,808s] GC(2) Pause Remark 24M->24M(512M) 6,754ms
[2023-04-27T18:40:19.228+0200][2,808s] GC(2) User=0,03s Sys=0,00s Real=0,00s
[2023-04-27T18:40:19.228+0200][2,808s] GC(2) Concurrent Rebuild Remembered Sets
[2023-04-27T18:40:19.234+0200][2,814s] GC(2) Concurrent Rebuild Remembered Sets 6,060ms
[2023-04-27T18:40:19.235+0200][2,814s] GC(2) Pause Cleanup
[2023-04-27T18:40:19.235+0200][2,815s] GC(2) Pause Cleanup 24M->24M(512M) 0,272ms
[2023-04-27T18:40:19.235+0200][2,815s] GC(2) User=0,01s Sys=0,00s Real=0,00s
[2023-04-27T18:40:19.235+0200][2,815s] GC(2) Concurrent Cleanup for Next Mark
[2023-04-27T18:40:19.236+0200][2,815s] GC(2) Concurrent Cleanup for Next Mark 0,512ms
[2023-04-27T18:40:19.236+0200][2,815s] GC(2) Concurrent Cycle 35,704ms
[2023-04-27T18:40:20.503+0200][4,082s] GC(3) Pause Young (Normal) (G1 Evacuation Pause)
[2023-04-27T18:40:20.503+0200][4,082s] GC(3) Using 8 workers of 8 for evacuation
[2023-04-27T18:40:20.531+0200][4,111s] GC(3)   Pre Evacuate Collection Set: 0,0ms
[2023-04-27T18:40:20.531+0200][4,111s] GC(3)   Evacuate Collection Set: 25,9ms
[2023-04-27T18:40:20.531+0200][4,111s] GC(3)   Post Evacuate Collection Set: 2,1ms
[2023-04-27T18:40:20.531+0200][4,111s] GC(3)   Other: 0,2ms
[2023-04-27T18:40:20.531+0200][4,111s] GC(3) Eden regions: 79->0(104)
[2023-04-27T18:40:20.531+0200][4,111s] GC(3) Survivor regions: 19->10(13)
[2023-04-27T18:40:20.531+0200][4,111s] GC(3) Old regions: 3->21
[2023-04-27T18:40:20.531+0200][4,111s] GC(3) Humongous regions: 5->5
[2023-04-27T18:40:20.531+0200][4,111s] GC(3) Metaspace: 29301K(30464K)->29301K(30464K) NonClass: 25924K(26624K)->25924K(26624K) Class: 3377K(3840K)->3377K(3840K)
[2023-04-27T18:40:20.531+0200][4,111s] GC(3) Pause Young (Normal) (G1 Evacuation Pause) 103M->33M(512M) 28,484ms
[2023-04-27T18:40:20.531+0200][4,111s] GC(3) User=0,16s Sys=0,03s Real=0,03s
[2023-04-27T18:40:21.202+0200][4,781s] GC(4) Pause Young (Normal) (G1 Evacuation Pause)
[2023-04-27T18:40:21.202+0200][4,782s] GC(4) Using 8 workers of 8 for evacuation
[2023-04-27T18:40:21.219+0200][4,798s] GC(4)   Pre Evacuate Collection Set: 0,0ms
[2023-04-27T18:40:21.219+0200][4,798s] GC(4)   Evacuate Collection Set: 15,4ms
[2023-04-27T18:40:21.219+0200][4,798s] GC(4)   Post Evacuate Collection Set: 1,3ms
[2023-04-27T18:40:21.219+0200][4,798s] GC(4)   Other: 0,3ms
[2023-04-27T18:40:21.219+0200][4,798s] GC(4) Eden regions: 104->0(303)
[2023-04-27T18:40:21.219+0200][4,799s] GC(4) Survivor regions: 10->4(15)
[2023-04-27T18:40:21.219+0200][4,799s] GC(4) Old regions: 21->29
[2023-04-27T18:40:21.219+0200][4,799s] GC(4) Humongous regions: 6->5
[2023-04-27T18:40:21.219+0200][4,799s] GC(4) Metaspace: 31960K(33024K)->31960K(33024K) NonClass: 28233K(28928K)->28233K(28928K) Class: 3726K(4096K)->3726K(4096K)
[2023-04-27T18:40:21.219+0200][4,799s] GC(4) Pause Young (Normal) (G1 Evacuation Pause) 138M->35M(512M) 17,094ms
[2023-04-27T18:40:21.219+0200][4,799s] GC(4) User=0,07s Sys=0,02s Real=0,02s
[2023-04-27T18:40:21.906+0200][5,486s] GC(5) Pause Young (Concurrent Start) (Metadata GC Threshold)
[2023-04-27T18:40:21.906+0200][5,486s] GC(5) Using 8 workers of 8 for evacuation
[2023-04-27T18:40:21.927+0200][5,507s] GC(5)   Pre Evacuate Collection Set: 0,1ms
[2023-04-27T18:40:21.927+0200][5,507s] GC(5)   Evacuate Collection Set: 20,1ms
[2023-04-27T18:40:21.927+0200][5,507s] GC(5)   Post Evacuate Collection Set: 0,5ms
[2023-04-27T18:40:21.927+0200][5,507s] GC(5)   Other: 0,3ms
[2023-04-27T18:40:21.927+0200][5,507s] GC(5) Eden regions: 126->0(303)
[2023-04-27T18:40:21.927+0200][5,507s] GC(5) Survivor regions: 4->4(39)
[2023-04-27T18:40:21.927+0200][5,507s] GC(5) Old regions: 29->29
[2023-04-27T18:40:21.927+0200][5,507s] GC(5) Humongous regions: 5->5
[2023-04-27T18:40:21.927+0200][5,507s] GC(5) Metaspace: 34473K(35584K)->34473K(35584K) NonClass: 30474K(31232K)->30474K(31232K) Class: 3998K(4352K)->3998K(4352K)
[2023-04-27T18:40:21.927+0200][5,507s] GC(5) Pause Young (Concurrent Start) (Metadata GC Threshold) 161M->35M(512M) 21,178ms
[2023-04-27T18:40:21.927+0200][5,507s] GC(5) User=0,12s Sys=0,00s Real=0,02s
[2023-04-27T18:40:21.927+0200][5,507s] GC(6) Concurrent Cycle
[2023-04-27T18:40:21.927+0200][5,507s] GC(6) Concurrent Clear Claimed Marks
[2023-04-27T18:40:21.927+0200][5,507s] GC(6) Concurrent Clear Claimed Marks 0,104ms
[2023-04-27T18:40:21.927+0200][5,507s] GC(6) Concurrent Scan Root Regions
[2023-04-27T18:40:21.929+0200][5,509s] GC(6) Concurrent Scan Root Regions 1,688ms
[2023-04-27T18:40:21.929+0200][5,509s] GC(6) Concurrent Mark (5,509s)
[2023-04-27T18:40:21.929+0200][5,509s] GC(6) Concurrent Mark From Roots
[2023-04-27T18:40:21.929+0200][5,509s] GC(6) Using 2 workers of 2 for marking
[2023-04-27T18:40:21.963+0200][5,543s] GC(6) Concurrent Mark From Roots 33,647ms
[2023-04-27T18:40:21.963+0200][5,543s] GC(6) Concurrent Preclean
[2023-04-27T18:40:21.963+0200][5,543s] GC(6) Concurrent Preclean 0,228ms
[2023-04-27T18:40:21.963+0200][5,543s] GC(6) Concurrent Mark (5,509s, 5,543s) 33,976ms
[2023-04-27T18:40:21.963+0200][5,543s] GC(6) Pause Remark
[2023-04-27T18:40:21.972+0200][5,552s] GC(6) Cleaned string and symbol table, strings: 17589 processed, 34 removed, symbols: 100816 processed, 103 removed
[2023-04-27T18:40:21.973+0200][5,552s] GC(6) Pause Remark 38M->38M(512M) 9,133ms
[2023-04-27T18:40:21.973+0200][5,552s] GC(6) User=0,07s Sys=0,00s Real=0,01s
[2023-04-27T18:40:21.973+0200][5,552s] GC(6) Concurrent Rebuild Remembered Sets
[2023-04-27T18:40:21.994+0200][5,574s] GC(6) Concurrent Rebuild Remembered Sets 21,540ms
[2023-04-27T18:40:21.994+0200][5,574s] GC(6) Pause Cleanup
[2023-04-27T18:40:21.995+0200][5,574s] GC(6) Pause Cleanup 40M->40M(512M) 0,168ms
[2023-04-27T18:40:21.995+0200][5,574s] GC(6) User=0,00s Sys=0,00s Real=0,00s
[2023-04-27T18:40:21.995+0200][5,574s] GC(6) Concurrent Cleanup for Next Mark
[2023-04-27T18:40:21.995+0200][5,575s] GC(6) Concurrent Cleanup for Next Mark 0,587ms
[2023-04-27T18:40:21.995+0200][5,575s] GC(6) Concurrent Cycle 67,988ms
[2023-04-27T19:29:30.033+0200][2953,613s] GC(7) Pause Young (Normal) (G1 Evacuation Pause)
[2023-04-27T19:29:30.035+0200][2953,614s] GC(7) Using 8 workers of 8 for evacuation
[2023-04-27T19:29:30.048+0200][2953,628s] GC(7)   Pre Evacuate Collection Set: 0,0ms
[2023-04-27T19:29:30.048+0200][2953,628s] GC(7)   Evacuate Collection Set: 11,2ms
[2023-04-27T19:29:30.048+0200][2953,628s] GC(7)   Post Evacuate Collection Set: 1,9ms
[2023-04-27T19:29:30.048+0200][2953,628s] GC(7)   Other: 1,7ms
[2023-04-27T19:29:30.048+0200][2953,628s] GC(7) Eden regions: 303->0(294)
[2023-04-27T19:29:30.048+0200][2953,628s] GC(7) Survivor regions: 4->13(39)
[2023-04-27T19:29:30.048+0200][2953,628s] GC(7) Old regions: 29->29
[2023-04-27T19:29:30.048+0200][2953,628s] GC(7) Humongous regions: 8->8
[2023-04-27T19:29:30.048+0200][2953,628s] GC(7) Metaspace: 45377K(46712K)->45377K(46712K) NonClass: 40128K(40952K)->40128K(40952K) Class: 5249K(5760K)->5249K(5760K)
[2023-04-27T19:29:30.048+0200][2953,628s] GC(7) Pause Young (Normal) (G1 Evacuation Pause) 341M->48M(512M) 14,978ms
[2023-04-27T19:29:30.048+0200][2953,628s] GC(7) User=0,09s Sys=0,00s Real=0,01s
[2023-04-27T19:39:26.840+0200][3550,420s] Heap
[2023-04-27T19:39:26.840+0200][3550,420s]  garbage-first heap   total 524288K, used 309655K [0x00000000e0000000, 0x0000000100000000)
[2023-04-27T19:39:26.840+0200][3550,420s]   region size 1024K, 243 young (248832K), 13 survivors (13312K)
[2023-04-27T19:39:26.840+0200][3550,420s]  Metaspace       used 47534K, capacity 48782K, committed 49016K, reserved 1091584K
[2023-04-27T19:39:26.840+0200][3550,420s]   class space    used 5449K, capacity 5938K, committed 6016K, reserved 1048576K
