[2023-04-27T22:27:37.347+0200][0.009s] Heap region size: 1M
[2023-04-27T22:27:37.371+0200][0.032s] Using G1
[2023-04-27T22:27:37.371+0200][0.032s] Heap address: 0x00000000e0000000, size: 512 MB, Compressed Oops mode: 32-bit
[2023-04-27T22:27:37.371+0200][0.032s] Mark closed archive regions in map: [0x00000000fff00000, 0x00000000fff6aff8]
[2023-04-27T22:27:37.371+0200][0.032s] Mark open archive regions in map: [0x00000000ffe00000, 0x00000000ffe47ff8]
[2023-04-27T22:27:38.094+0200][0,755s] GC(0) Pause Young (Normal) (G1 Evacuation Pause)
[2023-04-27T22:27:38.095+0200][0,756s] GC(0) Using 8 workers of 8 for evacuation
[2023-04-27T22:27:38.108+0200][0,770s] GC(0)   Pre Evacuate Collection Set: 0,0ms
[2023-04-27T22:27:38.108+0200][0,770s] GC(0)   Evacuate Collection Set: 10,4ms
[2023-04-27T22:27:38.108+0200][0,770s] GC(0)   Post Evacuate Collection Set: 3,2ms
[2023-04-27T22:27:38.108+0200][0,770s] GC(0)   Other: 0,7ms
[2023-04-27T22:27:38.108+0200][0,770s] GC(0) Eden regions: 30->0(303)
[2023-04-27T22:27:38.108+0200][0,770s] GC(0) Survivor regions: 0->4(4)
[2023-04-27T22:27:38.108+0200][0,770s] GC(0) Old regions: 2->3
[2023-04-27T22:27:38.108+0200][0,770s] GC(0) Humongous regions: 0->0
[2023-04-27T22:27:38.108+0200][0,770s] GC(0) Metaspace: 9385K(9984K)->9385K(9984K) NonClass: 8285K(8704K)->8285K(8704K) Class: 1099K(1280K)->1099K(1280K)
[2023-04-27T22:27:38.108+0200][0,770s] GC(0) Pause Young (Normal) (G1 Evacuation Pause) 30M->4M(512M) 14,386ms
[2023-04-27T22:27:38.108+0200][0,770s] GC(0) User=0,09s Sys=0,00s Real=0,02s
[2023-04-27T22:27:39.188+0200][1,850s] GC(1) Pause Young (Concurrent Start) (Metadata GC Threshold)
[2023-04-27T22:27:39.188+0200][1,850s] GC(1) Using 8 workers of 8 for evacuation
[2023-04-27T22:27:39.203+0200][1,865s] GC(1)   Pre Evacuate Collection Set: 0,0ms
[2023-04-27T22:27:39.204+0200][1,865s] GC(1)   Evacuate Collection Set: 13,8ms
[2023-04-27T22:27:39.204+0200][1,865s] GC(1)   Post Evacuate Collection Set: 1,3ms
[2023-04-27T22:27:39.204+0200][1,865s] GC(1)   Other: 0,2ms
[2023-04-27T22:27:39.204+0200][1,865s] GC(1) Eden regions: 94->0(91)
[2023-04-27T22:27:39.204+0200][1,865s] GC(1) Survivor regions: 4->20(39)
[2023-04-27T22:27:39.204+0200][1,865s] GC(1) Old regions: 3->3
[2023-04-27T22:27:39.204+0200][1,865s] GC(1) Humongous regions: 4->4
[2023-04-27T22:27:39.204+0200][1,865s] GC(1) Metaspace: 20301K(21248K)->20301K(21248K) NonClass: 17978K(18688K)->17978K(18688K) Class: 2323K(2560K)->2323K(2560K)
[2023-04-27T22:27:39.204+0200][1,865s] GC(1) Pause Young (Concurrent Start) (Metadata GC Threshold) 102M->23M(512M) 15,358ms
[2023-04-27T22:27:39.204+0200][1,865s] GC(1) User=0,08s Sys=0,00s Real=0,01s
[2023-04-27T22:27:39.204+0200][1,865s] GC(2) Concurrent Cycle
[2023-04-27T22:27:39.204+0200][1,865s] GC(2) Concurrent Clear Claimed Marks
[2023-04-27T22:27:39.204+0200][1,865s] GC(2) Concurrent Clear Claimed Marks 0,041ms
[2023-04-27T22:27:39.204+0200][1,865s] GC(2) Concurrent Scan Root Regions
[2023-04-27T22:27:39.207+0200][1,869s] GC(2) Concurrent Scan Root Regions 3,523ms
[2023-04-27T22:27:39.207+0200][1,869s] GC(2) Concurrent Mark (1,869s)
[2023-04-27T22:27:39.207+0200][1,869s] GC(2) Concurrent Mark From Roots
[2023-04-27T22:27:39.207+0200][1,869s] GC(2) Using 2 workers of 2 for marking
[2023-04-27T22:27:39.210+0200][1,871s] GC(2) Concurrent Mark From Roots 2,419ms
[2023-04-27T22:27:39.210+0200][1,871s] GC(2) Concurrent Preclean
[2023-04-27T22:27:39.210+0200][1,871s] GC(2) Concurrent Preclean 0,053ms
[2023-04-27T22:27:39.210+0200][1,871s] GC(2) Concurrent Mark (1,869s, 1,871s) 2,526ms
[2023-04-27T22:27:39.210+0200][1,871s] GC(2) Pause Remark
[2023-04-27T22:27:39.213+0200][1,874s] GC(2) Cleaned string and symbol table, strings: 8638 processed, 0 removed, symbols: 58986 processed, 43 removed
[2023-04-27T22:27:39.213+0200][1,875s] GC(2) Pause Remark 24M->24M(512M) 3,348ms
[2023-04-27T22:27:39.213+0200][1,875s] GC(2) User=0,02s Sys=0,00s Real=0,00s
[2023-04-27T22:27:39.213+0200][1,875s] GC(2) Concurrent Rebuild Remembered Sets
[2023-04-27T22:27:39.216+0200][1,877s] GC(2) Concurrent Rebuild Remembered Sets 2,471ms
[2023-04-27T22:27:39.216+0200][1,877s] GC(2) Pause Cleanup
[2023-04-27T22:27:39.216+0200][1,877s] GC(2) Pause Cleanup 24M->24M(512M) 0,143ms
[2023-04-27T22:27:39.216+0200][1,877s] GC(2) User=0,00s Sys=0,00s Real=0,00s
[2023-04-27T22:27:39.216+0200][1,877s] GC(2) Concurrent Cleanup for Next Mark
[2023-04-27T22:27:39.217+0200][1,878s] GC(2) Concurrent Cleanup for Next Mark 1,031ms
[2023-04-27T22:27:39.217+0200][1,878s] GC(2) Concurrent Cycle 13,549ms
[2023-04-27T22:27:40.000+0200][2,662s] GC(3) Pause Young (Normal) (G1 Evacuation Pause)
[2023-04-27T22:27:40.000+0200][2,662s] GC(3) Using 8 workers of 8 for evacuation
[2023-04-27T22:27:40.018+0200][2,680s] GC(3)   Pre Evacuate Collection Set: 0,0ms
[2023-04-27T22:27:40.018+0200][2,680s] GC(3)   Evacuate Collection Set: 16,2ms
[2023-04-27T22:27:40.018+0200][2,680s] GC(3)   Post Evacuate Collection Set: 1,9ms
[2023-04-27T22:27:40.018+0200][2,680s] GC(3)   Other: 0,2ms
[2023-04-27T22:27:40.018+0200][2,680s] GC(3) Eden regions: 85->0(103)
[2023-04-27T22:27:40.019+0200][2,680s] GC(3) Survivor regions: 20->10(14)
[2023-04-27T22:27:40.019+0200][2,680s] GC(3) Old regions: 3->20
[2023-04-27T22:27:40.019+0200][2,680s] GC(3) Humongous regions: 6->5
[2023-04-27T22:27:40.019+0200][2,680s] GC(3) Metaspace: 29733K(30976K)->29733K(30976K) NonClass: 26269K(27136K)->26269K(27136K) Class: 3464K(3840K)->3464K(3840K)
[2023-04-27T22:27:40.019+0200][2,680s] GC(3) Pause Young (Normal) (G1 Evacuation Pause) 110M->33M(512M) 18,334ms
[2023-04-27T22:27:40.019+0200][2,680s] GC(3) User=0,09s Sys=0,02s Real=0,01s
[2023-04-27T22:27:40.375+0200][3,037s] GC(4) Pause Young (Normal) (G1 Evacuation Pause)
[2023-04-27T22:27:40.375+0200][3,037s] GC(4) Using 8 workers of 8 for evacuation
[2023-04-27T22:27:40.384+0200][3,046s] GC(4)   Pre Evacuate Collection Set: 0,0ms
[2023-04-27T22:27:40.384+0200][3,046s] GC(4)   Evacuate Collection Set: 7,7ms
[2023-04-27T22:27:40.384+0200][3,046s] GC(4)   Post Evacuate Collection Set: 1,0ms
[2023-04-27T22:27:40.384+0200][3,046s] GC(4)   Other: 0,2ms
[2023-04-27T22:27:40.384+0200][3,046s] GC(4) Eden regions: 103->0(162)
[2023-04-27T22:27:40.384+0200][3,046s] GC(4) Survivor regions: 10->2(15)
[2023-04-27T22:27:40.384+0200][3,046s] GC(4) Old regions: 20->30
[2023-04-27T22:27:40.384+0200][3,046s] GC(4) Humongous regions: 5->5
[2023-04-27T22:27:40.384+0200][3,046s] GC(4) Metaspace: 32668K(33920K)->32668K(33920K) NonClass: 28849K(29696K)->28849K(29696K) Class: 3819K(4224K)->3819K(4224K)
[2023-04-27T22:27:40.384+0200][3,046s] GC(4) Pause Young (Normal) (G1 Evacuation Pause) 136M->34M(512M) 9,146ms
[2023-04-27T22:27:40.384+0200][3,046s] GC(4) User=0,05s Sys=0,01s Real=0,01s
[2023-04-27T22:27:40.667+0200][3,328s] GC(5) Pause Young (Concurrent Start) (Metadata GC Threshold)
[2023-04-27T22:27:40.667+0200][3,328s] GC(5) Using 8 workers of 8 for evacuation
[2023-04-27T22:27:40.671+0200][3,332s] GC(5)   Pre Evacuate Collection Set: 0,1ms
[2023-04-27T22:27:40.671+0200][3,332s] GC(5)   Evacuate Collection Set: 3,6ms
[2023-04-27T22:27:40.671+0200][3,332s] GC(5)   Post Evacuate Collection Set: 0,2ms
[2023-04-27T22:27:40.671+0200][3,332s] GC(5)   Other: 0,2ms
[2023-04-27T22:27:40.671+0200][3,332s] GC(5) Eden regions: 110->0(189)
[2023-04-27T22:27:40.671+0200][3,332s] GC(5) Survivor regions: 2->3(21)
[2023-04-27T22:27:40.671+0200][3,332s] GC(5) Old regions: 30->30
[2023-04-27T22:27:40.671+0200][3,332s] GC(5) Humongous regions: 5->5
[2023-04-27T22:27:40.671+0200][3,332s] GC(5) Metaspace: 34412K(35628K)->34412K(35628K) NonClass: 30414K(31148K)->30414K(31148K) Class: 3997K(4480K)->3997K(4480K)
[2023-04-27T22:27:40.671+0200][3,332s] GC(5) Pause Young (Concurrent Start) (Metadata GC Threshold) 144M->35M(512M) 4,142ms
[2023-04-27T22:27:40.671+0200][3,332s] GC(5) User=0,03s Sys=0,00s Real=0,01s
[2023-04-27T22:27:40.671+0200][3,332s] GC(6) Concurrent Cycle
[2023-04-27T22:27:40.671+0200][3,332s] GC(6) Concurrent Clear Claimed Marks
[2023-04-27T22:27:40.671+0200][3,332s] GC(6) Concurrent Clear Claimed Marks 0,018ms
[2023-04-27T22:27:40.671+0200][3,332s] GC(6) Concurrent Scan Root Regions
[2023-04-27T22:27:40.672+0200][3,333s] GC(6) Concurrent Scan Root Regions 0,935ms
[2023-04-27T22:27:40.672+0200][3,333s] GC(6) Concurrent Mark (3,333s)
[2023-04-27T22:27:40.672+0200][3,333s] GC(6) Concurrent Mark From Roots
[2023-04-27T22:27:40.672+0200][3,333s] GC(6) Using 2 workers of 2 for marking
[2023-04-27T22:27:40.692+0200][3,353s] GC(6) Concurrent Mark From Roots 19,669ms
[2023-04-27T22:27:40.692+0200][3,353s] GC(6) Concurrent Preclean
[2023-04-27T22:27:40.692+0200][3,353s] GC(6) Concurrent Preclean 0,209ms
[2023-04-27T22:27:40.692+0200][3,353s] GC(6) Concurrent Mark (3,333s, 3,353s) 19,962ms
[2023-04-27T22:27:40.692+0200][3,354s] GC(6) Pause Remark
[2023-04-27T22:27:40.697+0200][3,359s] GC(6) Cleaned string and symbol table, strings: 17528 processed, 34 removed, symbols: 100272 processed, 101 removed
[2023-04-27T22:27:40.698+0200][3,359s] GC(6) Pause Remark 39M->39M(512M) 5,553ms
[2023-04-27T22:27:40.698+0200][3,359s] GC(6) User=0,04s Sys=0,00s Real=0,00s
[2023-04-27T22:27:40.698+0200][3,359s] GC(6) Concurrent Rebuild Remembered Sets
[2023-04-27T22:27:40.708+0200][3,369s] GC(6) Concurrent Rebuild Remembered Sets 10,226ms
[2023-04-27T22:27:40.708+0200][3,370s] GC(6) Pause Cleanup
[2023-04-27T22:27:40.708+0200][3,370s] GC(6) Pause Cleanup 40M->40M(512M) 0,126ms
[2023-04-27T22:27:40.708+0200][3,370s] GC(6) User=0,00s Sys=0,00s Real=0,00s
[2023-04-27T22:27:40.708+0200][3,370s] GC(6) Concurrent Cleanup for Next Mark
[2023-04-27T22:27:40.709+0200][3,370s] GC(6) Concurrent Cleanup for Next Mark 0,553ms
[2023-04-27T22:27:40.709+0200][3,370s] GC(6) Concurrent Cycle 37,897ms
[2023-04-27T22:30:44.470+0200][187,131s] GC(7) Pause Young (Normal) (G1 Evacuation Pause)
[2023-04-27T22:30:44.470+0200][187,131s] GC(7) Using 8 workers of 8 for evacuation
[2023-04-27T22:30:44.477+0200][187,138s] GC(7)   Pre Evacuate Collection Set: 0,0ms
[2023-04-27T22:30:44.477+0200][187,138s] GC(7)   Evacuate Collection Set: 5,9ms
[2023-04-27T22:30:44.477+0200][187,138s] GC(7)   Post Evacuate Collection Set: 1,0ms
[2023-04-27T22:30:44.477+0200][187,138s] GC(7)   Other: 0,2ms
[2023-04-27T22:30:44.477+0200][187,138s] GC(7) Eden regions: 189->0(298)
[2023-04-27T22:30:44.477+0200][187,138s] GC(7) Survivor regions: 3->9(24)
[2023-04-27T22:30:44.477+0200][187,138s] GC(7) Old regions: 30->30
[2023-04-27T22:30:44.477+0200][187,138s] GC(7) Humongous regions: 8->8
[2023-04-27T22:30:44.477+0200][187,138s] GC(7) Metaspace: 46128K(47660K)->46128K(47660K) NonClass: 40688K(41644K)->40688K(41644K) Class: 5440K(6016K)->5440K(6016K)
[2023-04-27T22:30:44.477+0200][187,138s] GC(7) Pause Young (Normal) (G1 Evacuation Pause) 227M->44M(512M) 7,325ms
[2023-04-27T22:30:44.477+0200][187,139s] GC(7) User=0,03s Sys=0,01s Real=0,00s
[2023-04-27T22:30:52.310+0200][194,972s] Heap
[2023-04-27T22:30:52.310+0200][194,972s]  garbage-first heap   total 524288K, used 73222K [0x00000000e0000000, 0x0000000100000000)
[2023-04-27T22:30:52.310+0200][194,972s]   region size 1024K, 38 young (38912K), 9 survivors (9216K)
[2023-04-27T22:30:52.310+0200][194,972s]  Metaspace       used 46685K, capacity 47949K, committed 48172K, reserved 1091584K
[2023-04-27T22:30:52.310+0200][194,972s]   class space    used 5486K, capacity 6004K, committed 6016K, reserved 1048576K
