[2023-04-27T23:05:23.112+0200][0.007s] Heap region size: 1M
[2023-04-27T23:05:23.124+0200][0.019s] Using G1
[2023-04-27T23:05:23.124+0200][0.019s] Heap address: 0x00000000e0000000, size: 512 MB, Compressed Oops mode: 32-bit
[2023-04-27T23:05:23.124+0200][0.019s] Mark closed archive regions in map: [0x00000000fff00000, 0x00000000fff6aff8]
[2023-04-27T23:05:23.124+0200][0.019s] Mark open archive regions in map: [0x00000000ffe00000, 0x00000000ffe47ff8]
[2023-04-27T23:05:23.651+0200][0,546s] GC(0) Pause Young (Normal) (G1 Evacuation Pause)
[2023-04-27T23:05:23.653+0200][0,548s] GC(0) Using 8 workers of 8 for evacuation
[2023-04-27T23:05:23.664+0200][0,559s] GC(0)   Pre Evacuate Collection Set: 0,0ms
[2023-04-27T23:05:23.664+0200][0,559s] GC(0)   Evacuate Collection Set: 5,1ms
[2023-04-27T23:05:23.664+0200][0,559s] GC(0)   Post Evacuate Collection Set: 5,5ms
[2023-04-27T23:05:23.664+0200][0,559s] GC(0)   Other: 2,4ms
[2023-04-27T23:05:23.664+0200][0,559s] GC(0) Eden regions: 30->0(303)
[2023-04-27T23:05:23.664+0200][0,559s] GC(0) Survivor regions: 0->4(4)
[2023-04-27T23:05:23.664+0200][0,559s] GC(0) Old regions: 2->2
[2023-04-27T23:05:23.664+0200][0,559s] GC(0) Humongous regions: 0->0
[2023-04-27T23:05:23.664+0200][0,559s] GC(0) Metaspace: 9426K(9984K)->9426K(9984K) NonClass: 8327K(8704K)->8327K(8704K) Class: 1099K(1280K)->1099K(1280K)
[2023-04-27T23:05:23.664+0200][0,559s] GC(0) Pause Young (Normal) (G1 Evacuation Pause) 30M->4M(512M) 13,048ms
[2023-04-27T23:05:23.664+0200][0,559s] GC(0) User=0,05s Sys=0,00s Real=0,01s
[2023-04-27T23:05:24.536+0200][1,431s] GC(1) Pause Young (Concurrent Start) (Metadata GC Threshold)
[2023-04-27T23:05:24.536+0200][1,431s] GC(1) Using 8 workers of 8 for evacuation
[2023-04-27T23:05:24.550+0200][1,445s] GC(1)   Pre Evacuate Collection Set: 0,0ms
[2023-04-27T23:05:24.550+0200][1,445s] GC(1)   Evacuate Collection Set: 12,8ms
[2023-04-27T23:05:24.550+0200][1,445s] GC(1)   Post Evacuate Collection Set: 1,3ms
[2023-04-27T23:05:24.550+0200][1,445s] GC(1)   Other: 0,2ms
[2023-04-27T23:05:24.550+0200][1,445s] GC(1) Eden regions: 94->0(91)
[2023-04-27T23:05:24.550+0200][1,445s] GC(1) Survivor regions: 4->19(39)
[2023-04-27T23:05:24.550+0200][1,445s] GC(1) Old regions: 2->2
[2023-04-27T23:05:24.550+0200][1,445s] GC(1) Humongous regions: 4->4
[2023-04-27T23:05:24.550+0200][1,445s] GC(1) Metaspace: 20280K(21248K)->20280K(21248K) NonClass: 17957K(18688K)->17957K(18688K) Class: 2323K(2560K)->2323K(2560K)
[2023-04-27T23:05:24.550+0200][1,445s] GC(1) Pause Young (Concurrent Start) (Metadata GC Threshold) 102M->23M(512M) 14,382ms
[2023-04-27T23:05:24.550+0200][1,445s] GC(1) User=0,06s Sys=0,00s Real=0,02s
[2023-04-27T23:05:24.550+0200][1,445s] GC(2) Concurrent Cycle
[2023-04-27T23:05:24.550+0200][1,445s] GC(2) Concurrent Clear Claimed Marks
[2023-04-27T23:05:24.550+0200][1,445s] GC(2) Concurrent Clear Claimed Marks 0,042ms
[2023-04-27T23:05:24.551+0200][1,445s] GC(2) Concurrent Scan Root Regions
[2023-04-27T23:05:24.554+0200][1,449s] GC(2) Concurrent Scan Root Regions 3,619ms
[2023-04-27T23:05:24.554+0200][1,449s] GC(2) Concurrent Mark (1,449s)
[2023-04-27T23:05:24.554+0200][1,449s] GC(2) Concurrent Mark From Roots
[2023-04-27T23:05:24.554+0200][1,449s] GC(2) Using 2 workers of 2 for marking
[2023-04-27T23:05:24.557+0200][1,452s] GC(2) Concurrent Mark From Roots 2,429ms
[2023-04-27T23:05:24.557+0200][1,452s] GC(2) Concurrent Preclean
[2023-04-27T23:05:24.557+0200][1,452s] GC(2) Concurrent Preclean 0,036ms
[2023-04-27T23:05:24.557+0200][1,452s] GC(2) Concurrent Mark (1,449s, 1,452s) 2,500ms
[2023-04-27T23:05:24.557+0200][1,452s] GC(2) Pause Remark
[2023-04-27T23:05:24.559+0200][1,454s] GC(2) Cleaned string and symbol table, strings: 8642 processed, 0 removed, symbols: 59016 processed, 43 removed
[2023-04-27T23:05:24.559+0200][1,454s] GC(2) Pause Remark 23M->23M(512M) 2,070ms
[2023-04-27T23:05:24.559+0200][1,454s] GC(2) User=0,01s Sys=0,00s Real=0,00s
[2023-04-27T23:05:24.559+0200][1,454s] GC(2) Concurrent Rebuild Remembered Sets
[2023-04-27T23:05:24.561+0200][1,456s] GC(2) Concurrent Rebuild Remembered Sets 2,427ms
[2023-04-27T23:05:24.562+0200][1,457s] GC(2) Pause Cleanup
[2023-04-27T23:05:24.562+0200][1,457s] GC(2) Pause Cleanup 23M->23M(512M) 0,163ms
[2023-04-27T23:05:24.562+0200][1,457s] GC(2) User=0,00s Sys=0,00s Real=0,00s
[2023-04-27T23:05:24.562+0200][1,457s] GC(2) Concurrent Cleanup for Next Mark
[2023-04-27T23:05:24.564+0200][1,459s] GC(2) Concurrent Cleanup for Next Mark 1,524ms
[2023-04-27T23:05:24.564+0200][1,459s] GC(2) Concurrent Cycle 13,191ms
[2023-04-27T23:05:25.284+0200][2,179s] GC(3) Pause Young (Normal) (G1 Evacuation Pause)
[2023-04-27T23:05:25.284+0200][2,179s] GC(3) Using 8 workers of 8 for evacuation
[2023-04-27T23:05:25.301+0200][2,196s] GC(3)   Pre Evacuate Collection Set: 0,0ms
[2023-04-27T23:05:25.301+0200][2,196s] GC(3)   Evacuate Collection Set: 15,8ms
[2023-04-27T23:05:25.301+0200][2,196s] GC(3)   Post Evacuate Collection Set: 1,3ms
[2023-04-27T23:05:25.301+0200][2,196s] GC(3)   Other: 0,1ms
[2023-04-27T23:05:25.301+0200][2,196s] GC(3) Eden regions: 86->0(104)
[2023-04-27T23:05:25.301+0200][2,196s] GC(3) Survivor regions: 19->10(14)
[2023-04-27T23:05:25.301+0200][2,196s] GC(3) Old regions: 2->21
[2023-04-27T23:05:25.301+0200][2,196s] GC(3) Humongous regions: 6->5
[2023-04-27T23:05:25.301+0200][2,196s] GC(3) Metaspace: 29689K(30848K)->29689K(30848K) NonClass: 26220K(26880K)->26220K(26880K) Class: 3468K(3968K)->3468K(3968K)
[2023-04-27T23:05:25.301+0200][2,196s] GC(3) Pause Young (Normal) (G1 Evacuation Pause) 111M->33M(512M) 17,377ms
[2023-04-27T23:05:25.301+0200][2,196s] GC(3) User=0,08s Sys=0,01s Real=0,02s
[2023-04-27T23:05:25.665+0200][2,560s] GC(4) Pause Young (Normal) (G1 Evacuation Pause)
[2023-04-27T23:05:25.665+0200][2,560s] GC(4) Using 8 workers of 8 for evacuation
[2023-04-27T23:05:25.669+0200][2,564s] GC(4)   Pre Evacuate Collection Set: 0,0ms
[2023-04-27T23:05:25.669+0200][2,564s] GC(4)   Evacuate Collection Set: 4,1ms
[2023-04-27T23:05:25.669+0200][2,564s] GC(4)   Post Evacuate Collection Set: 0,3ms
[2023-04-27T23:05:25.669+0200][2,564s] GC(4)   Other: 0,1ms
[2023-04-27T23:05:25.669+0200][2,564s] GC(4) Eden regions: 104->0(183)
[2023-04-27T23:05:25.669+0200][2,564s] GC(4) Survivor regions: 10->3(15)
[2023-04-27T23:05:25.670+0200][2,564s] GC(4) Old regions: 21->30
[2023-04-27T23:05:25.670+0200][2,565s] GC(4) Humongous regions: 5->5
[2023-04-27T23:05:25.670+0200][2,565s] GC(4) Metaspace: 32582K(33664K)->32582K(33664K) NonClass: 28770K(29440K)->28770K(29440K) Class: 3812K(4224K)->3812K(4224K)
[2023-04-27T23:05:25.670+0200][2,565s] GC(4) Pause Young (Normal) (G1 Evacuation Pause) 137M->35M(512M) 4,618ms
[2023-04-27T23:05:25.670+0200][2,565s] GC(4) User=0,03s Sys=0,00s Real=0,01s
[2023-04-27T23:05:26.001+0200][2,896s] GC(5) Pause Young (Concurrent Start) (Metadata GC Threshold)
[2023-04-27T23:05:26.001+0200][2,896s] GC(5) Using 8 workers of 8 for evacuation
[2023-04-27T23:05:26.005+0200][2,900s] GC(5)   Pre Evacuate Collection Set: 0,1ms
[2023-04-27T23:05:26.005+0200][2,900s] GC(5)   Evacuate Collection Set: 3,4ms
[2023-04-27T23:05:26.005+0200][2,900s] GC(5)   Post Evacuate Collection Set: 0,2ms
[2023-04-27T23:05:26.005+0200][2,900s] GC(5)   Other: 0,2ms
[2023-04-27T23:05:26.005+0200][2,900s] GC(5) Eden regions: 113->0(304)
[2023-04-27T23:05:26.005+0200][2,900s] GC(5) Survivor regions: 3->3(24)
[2023-04-27T23:05:26.005+0200][2,900s] GC(5) Old regions: 30->30
[2023-04-27T23:05:26.005+0200][2,900s] GC(5) Humongous regions: 5->5
[2023-04-27T23:05:26.005+0200][2,900s] GC(5) Metaspace: 34463K(35628K)->34463K(35628K) NonClass: 30459K(31148K)->30459K(31148K) Class: 4004K(4480K)->4004K(4480K)
[2023-04-27T23:05:26.005+0200][2,900s] GC(5) Pause Young (Concurrent Start) (Metadata GC Threshold) 147M->35M(512M) 3,923ms
[2023-04-27T23:05:26.005+0200][2,900s] GC(5) User=0,03s Sys=0,00s Real=0,00s
[2023-04-27T23:05:26.005+0200][2,900s] GC(6) Concurrent Cycle
[2023-04-27T23:05:26.005+0200][2,900s] GC(6) Concurrent Clear Claimed Marks
[2023-04-27T23:05:26.005+0200][2,900s] GC(6) Concurrent Clear Claimed Marks 0,021ms
[2023-04-27T23:05:26.005+0200][2,900s] GC(6) Concurrent Scan Root Regions
[2023-04-27T23:05:26.006+0200][2,901s] GC(6) Concurrent Scan Root Regions 0,950ms
[2023-04-27T23:05:26.006+0200][2,901s] GC(6) Concurrent Mark (2,901s)
[2023-04-27T23:05:26.006+0200][2,901s] GC(6) Concurrent Mark From Roots
[2023-04-27T23:05:26.006+0200][2,901s] GC(6) Using 2 workers of 2 for marking
[2023-04-27T23:05:26.026+0200][2,921s] GC(6) Concurrent Mark From Roots 19,419ms
[2023-04-27T23:05:26.026+0200][2,921s] GC(6) Concurrent Preclean
[2023-04-27T23:05:26.026+0200][2,921s] GC(6) Concurrent Preclean 0,234ms
[2023-04-27T23:05:26.026+0200][2,921s] GC(6) Concurrent Mark (2,901s, 2,921s) 19,816ms
[2023-04-27T23:05:26.027+0200][2,922s] GC(6) Pause Remark
[2023-04-27T23:05:26.031+0200][2,926s] GC(6) Cleaned string and symbol table, strings: 17598 processed, 34 removed, symbols: 100394 processed, 111 removed
[2023-04-27T23:05:26.031+0200][2,926s] GC(6) Pause Remark 37M->37M(512M) 4,898ms
[2023-04-27T23:05:26.032+0200][2,927s] GC(6) User=0,04s Sys=0,00s Real=0,01s
[2023-04-27T23:05:26.032+0200][2,927s] GC(6) Concurrent Rebuild Remembered Sets
[2023-04-27T23:05:26.041+0200][2,936s] GC(6) Concurrent Rebuild Remembered Sets 9,162ms
[2023-04-27T23:05:26.041+0200][2,936s] GC(6) Pause Cleanup
[2023-04-27T23:05:26.041+0200][2,936s] GC(6) Pause Cleanup 38M->38M(512M) 0,344ms
[2023-04-27T23:05:26.042+0200][2,937s] GC(6) User=0,00s Sys=0,00s Real=0,00s
[2023-04-27T23:05:26.042+0200][2,937s] GC(6) Concurrent Cleanup for Next Mark
[2023-04-27T23:05:26.043+0200][2,938s] GC(6) Concurrent Cleanup for Next Mark 0,962ms
[2023-04-27T23:05:26.043+0200][2,938s] GC(6) Concurrent Cycle 37,356ms
[2023-04-27T23:05:41.040+0200][17,935s] GC(7) Pause Young (Normal) (G1 Evacuation Pause)
[2023-04-27T23:05:41.040+0200][17,935s] GC(7) Using 8 workers of 8 for evacuation
[2023-04-27T23:05:41.046+0200][17,941s] GC(7)   Pre Evacuate Collection Set: 0,0ms
[2023-04-27T23:05:41.046+0200][17,941s] GC(7)   Evacuate Collection Set: 4,4ms
[2023-04-27T23:05:41.046+0200][17,941s] GC(7)   Post Evacuate Collection Set: 1,2ms
[2023-04-27T23:05:41.046+0200][17,941s] GC(7)   Other: 0,2ms
[2023-04-27T23:05:41.046+0200][17,941s] GC(7) Eden regions: 304->0(297)
[2023-04-27T23:05:41.046+0200][17,941s] GC(7) Survivor regions: 3->10(39)
[2023-04-27T23:05:41.046+0200][17,941s] GC(7) Old regions: 30->30
[2023-04-27T23:05:41.046+0200][17,941s] GC(7) Humongous regions: 5->5
[2023-04-27T23:05:41.046+0200][17,941s] GC(7) Metaspace: 42439K(43820K)->42439K(43820K) NonClass: 37392K(38316K)->37392K(38316K) Class: 5046K(5504K)->5046K(5504K)
[2023-04-27T23:05:41.046+0200][17,941s] GC(7) Pause Young (Normal) (G1 Evacuation Pause) 339M->42M(512M) 5,810ms
[2023-04-27T23:05:41.046+0200][17,941s] GC(7) User=0,03s Sys=0,01s Real=0,00s
[2023-04-27T23:22:12.204+0200][1009,099s] Heap
[2023-04-27T23:22:12.204+0200][1009,099s]  garbage-first heap   total 524288K, used 209098K [0x00000000e0000000, 0x0000000100000000)
[2023-04-27T23:22:12.204+0200][1009,099s]   region size 1024K, 171 young (175104K), 10 survivors (10240K)
[2023-04-27T23:22:12.204+0200][1009,099s]  Metaspace       used 48131K, capacity 49343K, committed 49580K, reserved 1093632K
[2023-04-27T23:22:12.204+0200][1009,099s]   class space    used 5613K, capacity 6118K, committed 6144K, reserved 1048576K
